<!doctype html public "-//w3c//dtd html 4.0 transitional//en">
<html><head>
<title>Static Call Graph - [LC_Power\LC_Power.axf]</title></head>
<body><HR>
<H1>Static Call Graph for image LC_Power\LC_Power.axf</H1><HR>
<BR><P>#&#060CALLGRAPH&#062# ARM Linker, 5060960: Last Updated: Tue Jun 09 14:14:36 2026
<BR><P>
<H3>Maximum Stack Usage =        384 bytes + Unknown(Functions without stacksize, Cycles, Untraceable Function Pointers)</H3><H3>
Call chain for Maximum Stack Depth:</H3>
__rt_entry_main &rArr; main &rArr; SysCore_Run &rArr; UI_Display_Process &rArr; UI_DrawQuickSetMenu &rArr; UI_DrawQuickSetItem &rArr; TFTGFX_DrawStringOpaque &rArr; TFTGFX_DrawCharOpaque &rArr; TFTGFX_FillRect &rArr; TFT_FillRect &rArr; TFT_SetAddressWindow &rArr; TFT_WriteData8
<P>
<H3>
Functions with no stack information
</H3><UL>
 <LI><a href="#[9c]">__user_initial_stackheap</a>
</UL>
</UL>
<P>
<H3>
Mutually Recursive functions
</H3> <LI><a href="#[31]">ADC1_2_IRQHandler</a>&nbsp;&nbsp;&nbsp;&rArr;&nbsp;&nbsp;&nbsp;<a href="#[31]">ADC1_2_IRQHandler</a><BR>
 <LI><a href="#[19]">BusFault_Handler</a>&nbsp;&nbsp;&nbsp;&rArr;&nbsp;&nbsp;&nbsp;<a href="#[19]">BusFault_Handler</a><BR>
 <LI><a href="#[17]">HardFault_Handler</a>&nbsp;&nbsp;&nbsp;&rArr;&nbsp;&nbsp;&nbsp;<a href="#[17]">HardFault_Handler</a><BR>
 <LI><a href="#[18]">MemManage_Handler</a>&nbsp;&nbsp;&nbsp;&rArr;&nbsp;&nbsp;&nbsp;<a href="#[18]">MemManage_Handler</a><BR>
 <LI><a href="#[16]">NMI_Handler</a>&nbsp;&nbsp;&nbsp;&rArr;&nbsp;&nbsp;&nbsp;<a href="#[16]">NMI_Handler</a><BR>
 <LI><a href="#[1a]">UsageFault_Handler</a>&nbsp;&nbsp;&nbsp;&rArr;&nbsp;&nbsp;&nbsp;<a href="#[1a]">UsageFault_Handler</a><BR>
 <LI><a href="#[146]">UI_Display_Init</a>&nbsp;&nbsp;&nbsp;&rArr;&nbsp;&nbsp;&nbsp;<a href="#[147]">UI_Display_Process</a><BR>
</UL>
<P>
<H3>
Function Pointers
</H3><UL>
 <LI><a href="#[31]">ADC1_2_IRQHandler</a> from startup_stm32f334x8.o(.text) referenced from startup_stm32f334x8.o(RESET)
 <LI><a href="#[55]">ADC_DMAConvCplt</a> from stm32f3xx_hal_adc_ex.o(i.ADC_DMAConvCplt) referenced from stm32f3xx_hal_adc_ex.o(i.HAL_ADC_Start_DMA)
 <LI><a href="#[57]">ADC_DMAError</a> from stm32f3xx_hal_adc_ex.o(i.ADC_DMAError) referenced from stm32f3xx_hal_adc_ex.o(i.HAL_ADC_Start_DMA)
 <LI><a href="#[56]">ADC_DMAHalfConvCplt</a> from stm32f3xx_hal_adc_ex.o(i.ADC_DMAHalfConvCplt) referenced from stm32f3xx_hal_adc_ex.o(i.HAL_ADC_Start_DMA)
 <LI><a href="#[19]">BusFault_Handler</a> from stm32f3xx_it.o(i.BusFault_Handler) referenced from startup_stm32f334x8.o(RESET)
 <LI><a href="#[33]">CAN_RX0_IRQHandler</a> from startup_stm32f334x8.o(.text) referenced from startup_stm32f334x8.o(RESET)
 <LI><a href="#[34]">CAN_RX1_IRQHandler</a> from startup_stm32f334x8.o(.text) referenced from startup_stm32f334x8.o(RESET)
 <LI><a href="#[35]">CAN_SCE_IRQHandler</a> from startup_stm32f334x8.o(.text) referenced from startup_stm32f334x8.o(RESET)
 <LI><a href="#[32]">CAN_TX_IRQHandler</a> from startup_stm32f334x8.o(.text) referenced from startup_stm32f334x8.o(RESET)
 <LI><a href="#[47]">COMP2_IRQHandler</a> from startup_stm32f334x8.o(.text) referenced from startup_stm32f334x8.o(RESET)
 <LI><a href="#[48]">COMP4_6_IRQHandler</a> from startup_stm32f334x8.o(.text) referenced from startup_stm32f334x8.o(RESET)
 <LI><a href="#[2a]">DMA1_Channel1_IRQHandler</a> from stm32f3xx_it.o(i.DMA1_Channel1_IRQHandler) referenced from startup_stm32f334x8.o(RESET)
 <LI><a href="#[2b]">DMA1_Channel2_IRQHandler</a> from stm32f3xx_it.o(i.DMA1_Channel2_IRQHandler) referenced from startup_stm32f334x8.o(RESET)
 <LI><a href="#[2c]">DMA1_Channel3_IRQHandler</a> from startup_stm32f334x8.o(.text) referenced from startup_stm32f334x8.o(RESET)
 <LI><a href="#[2d]">DMA1_Channel4_IRQHandler</a> from startup_stm32f334x8.o(.text) referenced from startup_stm32f334x8.o(RESET)
 <LI><a href="#[2e]">DMA1_Channel5_IRQHandler</a> from startup_stm32f334x8.o(.text) referenced from startup_stm32f334x8.o(RESET)
 <LI><a href="#[2f]">DMA1_Channel6_IRQHandler</a> from startup_stm32f334x8.o(.text) referenced from startup_stm32f334x8.o(RESET)
 <LI><a href="#[30]">DMA1_Channel7_IRQHandler</a> from startup_stm32f334x8.o(.text) referenced from startup_stm32f334x8.o(RESET)
 <LI><a href="#[1c]">DebugMon_Handler</a> from stm32f3xx_it.o(i.DebugMon_Handler) referenced from startup_stm32f334x8.o(RESET)
 <LI><a href="#[7]">Drv_Btn_Read_DOWN1</a> from bsp_gpio.o(i.Drv_Btn_Read_DOWN1) referenced 2 times from key.o(.data)
 <LI><a href="#[a]">Drv_Btn_Read_DOWN2</a> from bsp_gpio.o(i.Drv_Btn_Read_DOWN2) referenced 2 times from key.o(.data)
 <LI><a href="#[5]">Drv_Btn_Read_EXIT</a> from bsp_gpio.o(i.Drv_Btn_Read_EXIT) referenced 2 times from key.o(.data)
 <LI><a href="#[4]">Drv_Btn_Read_SET1</a> from bsp_gpio.o(i.Drv_Btn_Read_SET1) referenced 2 times from key.o(.data)
 <LI><a href="#[8]">Drv_Btn_Read_SET2</a> from bsp_gpio.o(i.Drv_Btn_Read_SET2) referenced 2 times from key.o(.data)
 <LI><a href="#[6]">Drv_Btn_Read_UP1</a> from bsp_gpio.o(i.Drv_Btn_Read_UP1) referenced 2 times from key.o(.data)
 <LI><a href="#[9]">Drv_Btn_Read_UP2</a> from bsp_gpio.o(i.Drv_Btn_Read_UP2) referenced 2 times from key.o(.data)
 <LI><a href="#[25]">EXTI0_IRQHandler</a> from startup_stm32f334x8.o(.text) referenced from startup_stm32f334x8.o(RESET)
 <LI><a href="#[43]">EXTI15_10_IRQHandler</a> from startup_stm32f334x8.o(.text) referenced from startup_stm32f334x8.o(RESET)
 <LI><a href="#[26]">EXTI1_IRQHandler</a> from startup_stm32f334x8.o(.text) referenced from startup_stm32f334x8.o(RESET)
 <LI><a href="#[27]">EXTI2_TSC_IRQHandler</a> from startup_stm32f334x8.o(.text) referenced from startup_stm32f334x8.o(RESET)
 <LI><a href="#[28]">EXTI3_IRQHandler</a> from startup_stm32f334x8.o(.text) referenced from startup_stm32f334x8.o(RESET)
 <LI><a href="#[29]">EXTI4_IRQHandler</a> from startup_stm32f334x8.o(.text) referenced from startup_stm32f334x8.o(RESET)
 <LI><a href="#[36]">EXTI9_5_IRQHandler</a> from startup_stm32f334x8.o(.text) referenced from startup_stm32f334x8.o(RESET)
 <LI><a href="#[23]">FLASH_IRQHandler</a> from startup_stm32f334x8.o(.text) referenced from startup_stm32f334x8.o(RESET)
 <LI><a href="#[50]">FPU_IRQHandler</a> from startup_stm32f334x8.o(.text) referenced from startup_stm32f334x8.o(RESET)
 <LI><a href="#[14]">HAL_GetTick</a> from stm32f3xx_hal.o(i.HAL_GetTick) referenced 2 times from bsp_hrtim.o(.data)
 <LI><a href="#[4f]">HRTIM1_FLT_IRQHandler</a> from stm32f3xx_it.o(i.HRTIM1_FLT_IRQHandler) referenced from startup_stm32f334x8.o(RESET)
 <LI><a href="#[49]">HRTIM1_Master_IRQHandler</a> from stm32f3xx_it.o(i.HRTIM1_Master_IRQHandler) referenced from startup_stm32f334x8.o(RESET)
 <LI><a href="#[4a]">HRTIM1_TIMA_IRQHandler</a> from stm32f3xx_it.o(i.HRTIM1_TIMA_IRQHandler) referenced from startup_stm32f334x8.o(RESET)
 <LI><a href="#[4b]">HRTIM1_TIMB_IRQHandler</a> from stm32f3xx_it.o(i.HRTIM1_TIMB_IRQHandler) referenced from startup_stm32f334x8.o(RESET)
 <LI><a href="#[4c]">HRTIM1_TIMC_IRQHandler</a> from startup_stm32f334x8.o(.text) referenced from startup_stm32f334x8.o(RESET)
 <LI><a href="#[4d]">HRTIM1_TIMD_IRQHandler</a> from startup_stm32f334x8.o(.text) referenced from startup_stm32f334x8.o(RESET)
 <LI><a href="#[4e]">HRTIM1_TIME_IRQHandler</a> from startup_stm32f334x8.o(.text) referenced from startup_stm32f334x8.o(RESET)
 <LI><a href="#[17]">HardFault_Handler</a> from stm32f3xx_it.o(i.HardFault_Handler) referenced from startup_stm32f334x8.o(RESET)
 <LI><a href="#[3e]">I2C1_ER_IRQHandler</a> from startup_stm32f334x8.o(.text) referenced from startup_stm32f334x8.o(RESET)
 <LI><a href="#[3d]">I2C1_EV_IRQHandler</a> from startup_stm32f334x8.o(.text) referenced from startup_stm32f334x8.o(RESET)
 <LI><a href="#[63]">LCD_GetTickMS</a> from bsp_lcd.o(i.LCD_GetTickMS) referenced from bsp_lcd.o(.constdata)
 <LI><a href="#[60]">LCD_Pin_Write</a> from bsp_lcd.o(i.LCD_Pin_Write) referenced from bsp_lcd.o(.constdata)
 <LI><a href="#[62]">LCD_SPI_WriteBuffer</a> from bsp_lcd.o(i.LCD_SPI_WriteBuffer) referenced from bsp_lcd.o(.constdata)
 <LI><a href="#[61]">LCD_SPI_WriteByte</a> from bsp_lcd.o(i.LCD_SPI_WriteByte) referenced from bsp_lcd.o(.constdata)
 <LI><a href="#[18]">MemManage_Handler</a> from stm32f3xx_it.o(i.MemManage_Handler) referenced from startup_stm32f334x8.o(RESET)
 <LI><a href="#[16]">NMI_Handler</a> from stm32f3xx_it.o(i.NMI_Handler) referenced from startup_stm32f334x8.o(RESET)
 <LI><a href="#[20]">PVD_IRQHandler</a> from startup_stm32f334x8.o(.text) referenced from startup_stm32f334x8.o(RESET)
 <LI><a href="#[1d]">PendSV_Handler</a> from stm32f3xx_it.o(i.PendSV_Handler) referenced from startup_stm32f334x8.o(RESET)
 <LI><a href="#[24]">RCC_IRQHandler</a> from startup_stm32f334x8.o(.text) referenced from startup_stm32f334x8.o(RESET)
 <LI><a href="#[44]">RTC_Alarm_IRQHandler</a> from startup_stm32f334x8.o(.text) referenced from startup_stm32f334x8.o(RESET)
 <LI><a href="#[22]">RTC_WKUP_IRQHandler</a> from startup_stm32f334x8.o(.text) referenced from startup_stm32f334x8.o(RESET)
 <LI><a href="#[15]">Reset_Handler</a> from startup_stm32f334x8.o(.text) referenced from startup_stm32f334x8.o(RESET)
 <LI><a href="#[11]">RunNing_Enter</a> from state_machine.o(i.RunNing_Enter) referenced 2 times from state_machine.o(.data)
 <LI><a href="#[13]">RunNing_Exit</a> from state_machine.o(i.RunNing_Exit) referenced 2 times from state_machine.o(.data)
 <LI><a href="#[12]">RunNing_Run</a> from state_machine.o(i.RunNing_Run) referenced 2 times from state_machine.o(.data)
 <LI><a href="#[5c]">SM_Action_Down</a> from state_machine.o(i.SM_Action_Down) referenced 4 times from key.o(.constdata)
 <LI><a href="#[58]">SM_Action_Enter</a> from state_machine.o(i.SM_Action_Enter) referenced 4 times from key.o(.constdata)
 <LI><a href="#[5a]">SM_Action_Exit_Long</a> from state_machine.o(i.SM_Action_Exit_Long) referenced from key.o(.constdata)
 <LI><a href="#[59]">SM_Action_Exit_Short</a> from state_machine.o(i.SM_Action_Exit_Short) referenced from key.o(.constdata)
 <LI><a href="#[5b]">SM_Action_Up</a> from state_machine.o(i.SM_Action_Up) referenced 4 times from key.o(.constdata)
 <LI><a href="#[3f]">SPI1_IRQHandler</a> from startup_stm32f334x8.o(.text) referenced from startup_stm32f334x8.o(RESET)
 <LI><a href="#[1b]">SVC_Handler</a> from stm32f3xx_it.o(i.SVC_Handler) referenced from startup_stm32f334x8.o(RESET)
 <LI><a href="#[e]">SoftStart_Enter</a> from state_machine.o(i.SoftStart_Enter) referenced 2 times from state_machine.o(.data)
 <LI><a href="#[10]">SoftStart_Exit</a> from state_machine.o(i.SoftStart_Exit) referenced 2 times from state_machine.o(.data)
 <LI><a href="#[f]">SoftStart_Run</a> from state_machine.o(i.SoftStart_Run) referenced 2 times from state_machine.o(.data)
 <LI><a href="#[b]">Standby_Enter</a> from state_machine.o(i.Standby_Enter) referenced 2 times from state_machine.o(.data)
 <LI><a href="#[d]">Standby_Exit</a> from state_machine.o(i.Standby_Exit) referenced 2 times from state_machine.o(.data)
 <LI><a href="#[c]">Standby_Run</a> from state_machine.o(i.Standby_Run) referenced 2 times from state_machine.o(.data)
 <LI><a href="#[1e]">SysTick_Handler</a> from stm32f3xx_it.o(i.SysTick_Handler) referenced from startup_stm32f334x8.o(RESET)
 <LI><a href="#[51]">SystemInit</a> from system_stm32f3xx.o(i.SystemInit) referenced from startup_stm32f334x8.o(.text)
 <LI><a href="#[21]">TAMP_STAMP_IRQHandler</a> from startup_stm32f334x8.o(.text) referenced from startup_stm32f334x8.o(RESET)
 <LI><a href="#[37]">TIM1_BRK_TIM15_IRQHandler</a> from stm32f3xx_it.o(i.TIM1_BRK_TIM15_IRQHandler) referenced from startup_stm32f334x8.o(RESET)
 <LI><a href="#[3a]">TIM1_CC_IRQHandler</a> from startup_stm32f334x8.o(.text) referenced from startup_stm32f334x8.o(RESET)
 <LI><a href="#[39]">TIM1_TRG_COM_TIM17_IRQHandler</a> from startup_stm32f334x8.o(.text) referenced from startup_stm32f334x8.o(RESET)
 <LI><a href="#[38]">TIM1_UP_TIM16_IRQHandler</a> from stm32f3xx_it.o(i.TIM1_UP_TIM16_IRQHandler) referenced from startup_stm32f334x8.o(RESET)
 <LI><a href="#[3b]">TIM2_IRQHandler</a> from stm32f3xx_it.o(i.TIM2_IRQHandler) referenced from startup_stm32f334x8.o(RESET)
 <LI><a href="#[3c]">TIM3_IRQHandler</a> from startup_stm32f334x8.o(.text) referenced from startup_stm32f334x8.o(RESET)
 <LI><a href="#[45]">TIM6_DAC1_IRQHandler</a> from startup_stm32f334x8.o(.text) referenced from startup_stm32f334x8.o(RESET)
 <LI><a href="#[46]">TIM7_DAC2_IRQHandler</a> from startup_stm32f334x8.o(.text) referenced from startup_stm32f334x8.o(RESET)
 <LI><a href="#[40]">USART1_IRQHandler</a> from startup_stm32f334x8.o(.text) referenced from startup_stm32f334x8.o(RESET)
 <LI><a href="#[41]">USART2_IRQHandler</a> from startup_stm32f334x8.o(.text) referenced from startup_stm32f334x8.o(RESET)
 <LI><a href="#[42]">USART3_IRQHandler</a> from startup_stm32f334x8.o(.text) referenced from startup_stm32f334x8.o(RESET)
 <LI><a href="#[1a]">UsageFault_Handler</a> from stm32f3xx_it.o(i.UsageFault_Handler) referenced from startup_stm32f334x8.o(RESET)
 <LI><a href="#[1f]">WWDG_IRQHandler</a> from startup_stm32f334x8.o(.text) referenced from startup_stm32f334x8.o(RESET)
 <LI><a href="#[64]">__main</a> from __main.o(!!!main) referenced from startup_stm32f334x8.o(.text)
 <LI><a href="#[54]">_printf_input_char</a> from _printf_char_common.o(.text) referenced from _printf_char_common.o(.text)
 <LI><a href="#[53]">_snputc</a> from _snputc.o(.text) referenced from noretval__2snprintf.o(.text)
 <LI><a href="#[5e]">stm32_gpio_read</a> from bsp_gpio.o(i.stm32_gpio_read) referenced from bsp_gpio.o(.constdata)
 <LI><a href="#[5f]">stm32_gpio_toggle</a> from bsp_gpio.o(i.stm32_gpio_toggle) referenced from bsp_gpio.o(.constdata)
 <LI><a href="#[5d]">stm32_gpio_write</a> from bsp_gpio.o(i.stm32_gpio_write) referenced from bsp_gpio.o(.constdata)
</UL>
<P>
<H3>
Global Symbols
</H3>
<P><STRONG><a name="[64]"></a>__main</STRONG> (Thumb, 8 bytes, Stack size 0 bytes, __main.o(!!!main))
<BR><BR>[Calls]<UL><LI><a href="#[65]">&gt;&gt;</a>&nbsp;&nbsp;&nbsp;__scatterload
<LI><a href="#[66]">&gt;&gt;</a>&nbsp;&nbsp;&nbsp;__rt_entry
</UL>

<P><STRONG><a name="[65]"></a>__scatterload</STRONG> (Thumb, 0 bytes, Stack size unknown bytes, __scatter.o(!!!scatter))
<BR><BR>[Called By]<UL><LI><a href="#[64]">&gt;&gt;</a>&nbsp;&nbsp;&nbsp;__main
</UL>

<P><STRONG><a name="[67]"></a>__scatterload_rt2</STRONG> (Thumb, 44 bytes, Stack size unknown bytes, __scatter.o(!!!scatter), UNUSED)
<BR><BR>[Calls]<UL><LI><a href="#[66]">&gt;&gt;</a>&nbsp;&nbsp;&nbsp;__rt_entry
</UL>

<P><STRONG><a name="[181]"></a>__scatterload_rt2_thumb_only</STRONG> (Thumb, 0 bytes, Stack size unknown bytes, __scatter.o(!!!scatter), UNUSED)

<P><STRONG><a name="[182]"></a>__scatterload_null</STRONG> (Thumb, 0 bytes, Stack size unknown bytes, __scatter.o(!!!scatter), UNUSED)

<P><STRONG><a name="[183]"></a>__decompress</STRONG> (Thumb, 90 bytes, Stack size unknown bytes, __dczerorl2.o(!!dczerorl2), UNUSED)

<P><STRONG><a name="[184]"></a>__decompress1</STRONG> (Thumb, 0 bytes, Stack size unknown bytes, __dczerorl2.o(!!dczerorl2), UNUSED)

<P><STRONG><a name="[185]"></a>__scatterload_zeroinit</STRONG> (Thumb, 28 bytes, Stack size unknown bytes, __scatter_zi.o(!!handler_zi), UNUSED)

<P><STRONG><a name="[68]"></a>_printf_f</STRONG> (Thumb, 0 bytes, Stack size unknown bytes, _printf_f.o(.ARM.Collect$$_printf_percent$$00000003))
<BR><BR>[Stack]<UL><LI>Max Depth = 324 + Unknown Stack Size
<LI>Call Chain = _printf_f &rArr; _printf_fp_dec &rArr; _printf_fp_dec_real &rArr; _fp_digits &rArr; _btod_etento &rArr; _btod_emul &rArr; _e2e
</UL>
<BR>[Calls]<UL><LI><a href="#[69]">&gt;&gt;</a>&nbsp;&nbsp;&nbsp;_printf_fp_dec
</UL>

<P><STRONG><a name="[8f]"></a>_printf_percent</STRONG> (Thumb, 0 bytes, Stack size unknown bytes, _printf_percent.o(.ARM.Collect$$_printf_percent$$00000000))
<BR><BR>[Called By]<UL><LI><a href="#[8d]">&gt;&gt;</a>&nbsp;&nbsp;&nbsp;__printf
</UL>

<P><STRONG><a name="[6a]"></a>_printf_u</STRONG> (Thumb, 0 bytes, Stack size unknown bytes, _printf_u.o(.ARM.Collect$$_printf_percent$$0000000A))
<BR><BR>[Stack]<UL><LI>Max Depth = 72 + Unknown Stack Size
<LI>Call Chain = _printf_u &rArr; _printf_int_dec &rArr; _printf_int_common &rArr; _printf_post_padding
</UL>
<BR>[Calls]<UL><LI><a href="#[6b]">&gt;&gt;</a>&nbsp;&nbsp;&nbsp;_printf_int_dec
</UL>

<P><STRONG><a name="[186]"></a>_printf_percent_end</STRONG> (Thumb, 0 bytes, Stack size unknown bytes, _printf_percent_end.o(.ARM.Collect$$_printf_percent$$00000017))

<P><STRONG><a name="[75]"></a>__rt_lib_init</STRONG> (Thumb, 0 bytes, Stack size unknown bytes, libinit.o(.ARM.Collect$$libinit$$00000000))
<BR><BR>[Called By]<UL><LI><a href="#[74]">&gt;&gt;</a>&nbsp;&nbsp;&nbsp;__rt_entry_li
</UL>

<P><STRONG><a name="[6c]"></a>__rt_lib_init_fp_1</STRONG> (Thumb, 0 bytes, Stack size unknown bytes, libinit2.o(.ARM.Collect$$libinit$$00000001))
<BR><BR>[Calls]<UL><LI><a href="#[6d]">&gt;&gt;</a>&nbsp;&nbsp;&nbsp;_fp_init
</UL>

<P><STRONG><a name="[187]"></a>__rt_lib_init_heap_1</STRONG> (Thumb, 0 bytes, Stack size unknown bytes, libinit2.o(.ARM.Collect$$libinit$$0000000A))

<P><STRONG><a name="[6e]"></a>__rt_lib_init_lc_common</STRONG> (Thumb, 0 bytes, Stack size unknown bytes, libinit2.o(.ARM.Collect$$libinit$$0000000F))
<BR><BR>[Calls]<UL><LI><a href="#[6f]">&gt;&gt;</a>&nbsp;&nbsp;&nbsp;__rt_locale
</UL>

<P><STRONG><a name="[188]"></a>__rt_lib_init_preinit_1</STRONG> (Thumb, 0 bytes, Stack size unknown bytes, libinit2.o(.ARM.Collect$$libinit$$00000004))

<P><STRONG><a name="[189]"></a>__rt_lib_init_rand_1</STRONG> (Thumb, 0 bytes, Stack size unknown bytes, libinit2.o(.ARM.Collect$$libinit$$0000000E))

<P><STRONG><a name="[18a]"></a>__rt_lib_init_user_alloc_1</STRONG> (Thumb, 0 bytes, Stack size unknown bytes, libinit2.o(.ARM.Collect$$libinit$$0000000C))

<P><STRONG><a name="[18b]"></a>__rt_lib_init_lc_collate_1</STRONG> (Thumb, 0 bytes, Stack size unknown bytes, libinit2.o(.ARM.Collect$$libinit$$00000011))

<P><STRONG><a name="[18c]"></a>__rt_lib_init_lc_ctype_1</STRONG> (Thumb, 0 bytes, Stack size unknown bytes, libinit2.o(.ARM.Collect$$libinit$$00000013))

<P><STRONG><a name="[18d]"></a>__rt_lib_init_lc_monetary_1</STRONG> (Thumb, 0 bytes, Stack size unknown bytes, libinit2.o(.ARM.Collect$$libinit$$00000015))

<P><STRONG><a name="[70]"></a>__rt_lib_init_lc_numeric_2</STRONG> (Thumb, 0 bytes, Stack size unknown bytes, libinit2.o(.ARM.Collect$$libinit$$00000016))
<BR><BR>[Stack]<UL><LI>Max Depth = 8 + Unknown Stack Size
<LI>Call Chain = __rt_lib_init_lc_numeric_2 &rArr; _get_lc_numeric
</UL>
<BR>[Calls]<UL><LI><a href="#[71]">&gt;&gt;</a>&nbsp;&nbsp;&nbsp;_get_lc_numeric
</UL>

<P><STRONG><a name="[18e]"></a>__rt_lib_init_alloca_1</STRONG> (Thumb, 0 bytes, Stack size unknown bytes, libinit2.o(.ARM.Collect$$libinit$$0000002E))

<P><STRONG><a name="[18f]"></a>__rt_lib_init_argv_1</STRONG> (Thumb, 0 bytes, Stack size unknown bytes, libinit2.o(.ARM.Collect$$libinit$$0000002C))

<P><STRONG><a name="[190]"></a>__rt_lib_init_atexit_1</STRONG> (Thumb, 0 bytes, Stack size unknown bytes, libinit2.o(.ARM.Collect$$libinit$$0000001B))

<P><STRONG><a name="[191]"></a>__rt_lib_init_clock_1</STRONG> (Thumb, 0 bytes, Stack size unknown bytes, libinit2.o(.ARM.Collect$$libinit$$00000021))

<P><STRONG><a name="[192]"></a>__rt_lib_init_cpp_1</STRONG> (Thumb, 0 bytes, Stack size unknown bytes, libinit2.o(.ARM.Collect$$libinit$$00000032))

<P><STRONG><a name="[193]"></a>__rt_lib_init_exceptions_1</STRONG> (Thumb, 0 bytes, Stack size unknown bytes, libinit2.o(.ARM.Collect$$libinit$$00000030))

<P><STRONG><a name="[194]"></a>__rt_lib_init_fp_trap_1</STRONG> (Thumb, 0 bytes, Stack size unknown bytes, libinit2.o(.ARM.Collect$$libinit$$0000001F))

<P><STRONG><a name="[195]"></a>__rt_lib_init_getenv_1</STRONG> (Thumb, 0 bytes, Stack size unknown bytes, libinit2.o(.ARM.Collect$$libinit$$00000023))

<P><STRONG><a name="[196]"></a>__rt_lib_init_lc_numeric_1</STRONG> (Thumb, 0 bytes, Stack size unknown bytes, libinit2.o(.ARM.Collect$$libinit$$00000017))

<P><STRONG><a name="[197]"></a>__rt_lib_init_lc_time_1</STRONG> (Thumb, 0 bytes, Stack size unknown bytes, libinit2.o(.ARM.Collect$$libinit$$00000019))

<P><STRONG><a name="[198]"></a>__rt_lib_init_return</STRONG> (Thumb, 0 bytes, Stack size unknown bytes, libinit2.o(.ARM.Collect$$libinit$$00000033))

<P><STRONG><a name="[199]"></a>__rt_lib_init_signal_1</STRONG> (Thumb, 0 bytes, Stack size unknown bytes, libinit2.o(.ARM.Collect$$libinit$$0000001D))

<P><STRONG><a name="[19a]"></a>__rt_lib_init_stdio_1</STRONG> (Thumb, 0 bytes, Stack size unknown bytes, libinit2.o(.ARM.Collect$$libinit$$00000025))

<P><STRONG><a name="[7a]"></a>__rt_lib_shutdown</STRONG> (Thumb, 0 bytes, Stack size unknown bytes, libshutdown.o(.ARM.Collect$$libshutdown$$00000000))
<BR><BR>[Called By]<UL><LI><a href="#[79]">&gt;&gt;</a>&nbsp;&nbsp;&nbsp;__rt_exit_ls
</UL>

<P><STRONG><a name="[19b]"></a>__rt_lib_shutdown_cpp_1</STRONG> (Thumb, 0 bytes, Stack size unknown bytes, libshutdown2.o(.ARM.Collect$$libshutdown$$00000004))

<P><STRONG><a name="[19c]"></a>__rt_lib_shutdown_fini_1</STRONG> (Thumb, 0 bytes, Stack size unknown bytes, libshutdown2.o(.ARM.Collect$$libshutdown$$00000002))

<P><STRONG><a name="[19d]"></a>__rt_lib_shutdown_fp_trap_1</STRONG> (Thumb, 0 bytes, Stack size unknown bytes, libshutdown2.o(.ARM.Collect$$libshutdown$$00000009))

<P><STRONG><a name="[19e]"></a>__rt_lib_shutdown_heap_1</STRONG> (Thumb, 0 bytes, Stack size unknown bytes, libshutdown2.o(.ARM.Collect$$libshutdown$$00000011))

<P><STRONG><a name="[19f]"></a>__rt_lib_shutdown_return</STRONG> (Thumb, 0 bytes, Stack size unknown bytes, libshutdown2.o(.ARM.Collect$$libshutdown$$00000012))

<P><STRONG><a name="[1a0]"></a>__rt_lib_shutdown_signal_1</STRONG> (Thumb, 0 bytes, Stack size unknown bytes, libshutdown2.o(.ARM.Collect$$libshutdown$$0000000C))

<P><STRONG><a name="[1a1]"></a>__rt_lib_shutdown_stdio_1</STRONG> (Thumb, 0 bytes, Stack size unknown bytes, libshutdown2.o(.ARM.Collect$$libshutdown$$00000006))

<P><STRONG><a name="[1a2]"></a>__rt_lib_shutdown_user_alloc_1</STRONG> (Thumb, 0 bytes, Stack size unknown bytes, libshutdown2.o(.ARM.Collect$$libshutdown$$0000000E))

<P><STRONG><a name="[66]"></a>__rt_entry</STRONG> (Thumb, 0 bytes, Stack size unknown bytes, __rtentry.o(.ARM.Collect$$rtentry$$00000000))
<BR><BR>[Called By]<UL><LI><a href="#[67]">&gt;&gt;</a>&nbsp;&nbsp;&nbsp;__scatterload_rt2
<LI><a href="#[64]">&gt;&gt;</a>&nbsp;&nbsp;&nbsp;__main
</UL>

<P><STRONG><a name="[1a3]"></a>__rt_entry_presh_1</STRONG> (Thumb, 0 bytes, Stack size unknown bytes, __rtentry2.o(.ARM.Collect$$rtentry$$00000002))

<P><STRONG><a name="[72]"></a>__rt_entry_sh</STRONG> (Thumb, 0 bytes, Stack size unknown bytes, __rtentry4.o(.ARM.Collect$$rtentry$$00000004))
<BR><BR>[Stack]<UL><LI>Max Depth = 8 + Unknown Stack Size
<LI>Call Chain = __rt_entry_sh &rArr; __user_setup_stackheap
</UL>
<BR>[Calls]<UL><LI><a href="#[73]">&gt;&gt;</a>&nbsp;&nbsp;&nbsp;__user_setup_stackheap
</UL>

<P><STRONG><a name="[74]"></a>__rt_entry_li</STRONG> (Thumb, 0 bytes, Stack size unknown bytes, __rtentry2.o(.ARM.Collect$$rtentry$$0000000A))
<BR><BR>[Calls]<UL><LI><a href="#[75]">&gt;&gt;</a>&nbsp;&nbsp;&nbsp;__rt_lib_init
</UL>

<P><STRONG><a name="[1a4]"></a>__rt_entry_postsh_1</STRONG> (Thumb, 0 bytes, Stack size unknown bytes, __rtentry2.o(.ARM.Collect$$rtentry$$00000009))

<P><STRONG><a name="[76]"></a>__rt_entry_main</STRONG> (Thumb, 0 bytes, Stack size unknown bytes, __rtentry2.o(.ARM.Collect$$rtentry$$0000000D))
<BR><BR>[Stack]<UL><LI>Max Depth = 384 + Unknown Stack Size
<LI>Call Chain = __rt_entry_main &rArr; main &rArr; SysCore_Run &rArr; UI_Display_Process &rArr; UI_DrawQuickSetMenu &rArr; UI_DrawQuickSetItem &rArr; TFTGFX_DrawStringOpaque &rArr; TFTGFX_DrawCharOpaque &rArr; TFTGFX_FillRect &rArr; TFT_FillRect &rArr; TFT_SetAddressWindow &rArr; TFT_WriteData8
</UL>
<BR>[Calls]<UL><LI><a href="#[77]">&gt;&gt;</a>&nbsp;&nbsp;&nbsp;main
<LI><a href="#[78]">&gt;&gt;</a>&nbsp;&nbsp;&nbsp;exit
</UL>

<P><STRONG><a name="[1a5]"></a>__rt_entry_postli_1</STRONG> (Thumb, 0 bytes, Stack size unknown bytes, __rtentry2.o(.ARM.Collect$$rtentry$$0000000C))

<P><STRONG><a name="[9d]"></a>__rt_exit</STRONG> (Thumb, 0 bytes, Stack size unknown bytes, rtexit.o(.ARM.Collect$$rtexit$$00000000))
<BR><BR>[Called By]<UL><LI><a href="#[78]">&gt;&gt;</a>&nbsp;&nbsp;&nbsp;exit
</UL>

<P><STRONG><a name="[79]"></a>__rt_exit_ls</STRONG> (Thumb, 0 bytes, Stack size unknown bytes, rtexit2.o(.ARM.Collect$$rtexit$$00000003))
<BR><BR>[Calls]<UL><LI><a href="#[7a]">&gt;&gt;</a>&nbsp;&nbsp;&nbsp;__rt_lib_shutdown
</UL>

<P><STRONG><a name="[1a6]"></a>__rt_exit_prels_1</STRONG> (Thumb, 0 bytes, Stack size unknown bytes, rtexit2.o(.ARM.Collect$$rtexit$$00000002))

<P><STRONG><a name="[7b]"></a>__rt_exit_exit</STRONG> (Thumb, 0 bytes, Stack size unknown bytes, rtexit2.o(.ARM.Collect$$rtexit$$00000004))
<BR><BR>[Calls]<UL><LI><a href="#[7c]">&gt;&gt;</a>&nbsp;&nbsp;&nbsp;_sys_exit
</UL>

<P><STRONG><a name="[7d]"></a>Power_Control_Process</STRONG> (Thumb, 480 bytes, Stack size 56 bytes, power_control.o(.ccmram))
<BR><BR>[Stack]<UL><LI>Max Depth = 64<LI>Call Chain = Power_Control_Process &rArr; BSP_HRTIM_UpdateDutySymmetric
</UL>
<BR>[Calls]<UL><LI><a href="#[7e]">&gt;&gt;</a>&nbsp;&nbsp;&nbsp;Drv_LED3_ON
<LI><a href="#[87]">&gt;&gt;</a>&nbsp;&nbsp;&nbsp;Drv_LED3_OFF
<LI><a href="#[86]">&gt;&gt;</a>&nbsp;&nbsp;&nbsp;BSP_HRTIM_UpdateDutySymmetric
<LI><a href="#[84]">&gt;&gt;</a>&nbsp;&nbsp;&nbsp;Power_Control_UpdateVoltageRamp
<LI><a href="#[88]">&gt;&gt;</a>&nbsp;&nbsp;&nbsp;Power_Control_DutyToTicks
<LI><a href="#[85]">&gt;&gt;</a>&nbsp;&nbsp;&nbsp;Power_Control_Clamp
<LI><a href="#[7f]">&gt;&gt;</a>&nbsp;&nbsp;&nbsp;Get_VOUT
<LI><a href="#[80]">&gt;&gt;</a>&nbsp;&nbsp;&nbsp;Get_IOUT
<LI><a href="#[83]">&gt;&gt;</a>&nbsp;&nbsp;&nbsp;SM_Get_PowerLimit
<LI><a href="#[81]">&gt;&gt;</a>&nbsp;&nbsp;&nbsp;SM_Get_TargetVoltageFinal
<LI><a href="#[82]">&gt;&gt;</a>&nbsp;&nbsp;&nbsp;SM_Get_CurrentLimit
</UL>
<BR>[Called By]<UL><LI><a href="#[a3]">&gt;&gt;</a>&nbsp;&nbsp;&nbsp;HAL_ADC_ConvCpltCallback
</UL>

<P><STRONG><a name="[15]"></a>Reset_Handler</STRONG> (Thumb, 8 bytes, Stack size 0 bytes, startup_stm32f334x8.o(.text))
<BR>[Address Reference Count : 1]<UL><LI> startup_stm32f334x8.o(RESET)
</UL>
<P><STRONG><a name="[31]"></a>ADC1_2_IRQHandler</STRONG> (Thumb, 0 bytes, Stack size 0 bytes, startup_stm32f334x8.o(.text))
<BR><BR>[Calls]<UL><LI><a href="#[31]">&gt;&gt;</a>&nbsp;&nbsp;&nbsp;ADC1_2_IRQHandler
</UL>
<BR>[Called By]<UL><LI><a href="#[31]">&gt;&gt;</a>&nbsp;&nbsp;&nbsp;ADC1_2_IRQHandler
</UL>
<BR>[Address Reference Count : 1]<UL><LI> startup_stm32f334x8.o(RESET)
</UL>
<P><STRONG><a name="[33]"></a>CAN_RX0_IRQHandler</STRONG> (Thumb, 0 bytes, Stack size 0 bytes, startup_stm32f334x8.o(.text))
<BR>[Address Reference Count : 1]<UL><LI> startup_stm32f334x8.o(RESET)
</UL>
<P><STRONG><a name="[34]"></a>CAN_RX1_IRQHandler</STRONG> (Thumb, 0 bytes, Stack size 0 bytes, startup_stm32f334x8.o(.text))
<BR>[Address Reference Count : 1]<UL><LI> startup_stm32f334x8.o(RESET)
</UL>
<P><STRONG><a name="[35]"></a>CAN_SCE_IRQHandler</STRONG> (Thumb, 0 bytes, Stack size 0 bytes, startup_stm32f334x8.o(.text))
<BR>[Address Reference Count : 1]<UL><LI> startup_stm32f334x8.o(RESET)
</UL>
<P><STRONG><a name="[32]"></a>CAN_TX_IRQHandler</STRONG> (Thumb, 0 bytes, Stack size 0 bytes, startup_stm32f334x8.o(.text))
<BR>[Address Reference Count : 1]<UL><LI> startup_stm32f334x8.o(RESET)
</UL>
<P><STRONG><a name="[47]"></a>COMP2_IRQHandler</STRONG> (Thumb, 0 bytes, Stack size 0 bytes, startup_stm32f334x8.o(.text))
<BR>[Address Reference Count : 1]<UL><LI> startup_stm32f334x8.o(RESET)
</UL>
<P><STRONG><a name="[48]"></a>COMP4_6_IRQHandler</STRONG> (Thumb, 0 bytes, Stack size 0 bytes, startup_stm32f334x8.o(.text))
<BR>[Address Reference Count : 1]<UL><LI> startup_stm32f334x8.o(RESET)
</UL>
<P><STRONG><a name="[2c]"></a>DMA1_Channel3_IRQHandler</STRONG> (Thumb, 0 bytes, Stack size 0 bytes, startup_stm32f334x8.o(.text))
<BR>[Address Reference Count : 1]<UL><LI> startup_stm32f334x8.o(RESET)
</UL>
<P><STRONG><a name="[2d]"></a>DMA1_Channel4_IRQHandler</STRONG> (Thumb, 0 bytes, Stack size 0 bytes, startup_stm32f334x8.o(.text))
<BR>[Address Reference Count : 1]<UL><LI> startup_stm32f334x8.o(RESET)
</UL>
<P><STRONG><a name="[2e]"></a>DMA1_Channel5_IRQHandler</STRONG> (Thumb, 0 bytes, Stack size 0 bytes, startup_stm32f334x8.o(.text))
<BR>[Address Reference Count : 1]<UL><LI> startup_stm32f334x8.o(RESET)
</UL>
<P><STRONG><a name="[2f]"></a>DMA1_Channel6_IRQHandler</STRONG> (Thumb, 0 bytes, Stack size 0 bytes, startup_stm32f334x8.o(.text))
<BR>[Address Reference Count : 1]<UL><LI> startup_stm32f334x8.o(RESET)
</UL>
<P><STRONG><a name="[30]"></a>DMA1_Channel7_IRQHandler</STRONG> (Thumb, 0 bytes, Stack size 0 bytes, startup_stm32f334x8.o(.text))
<BR>[Address Reference Count : 1]<UL><LI> startup_stm32f334x8.o(RESET)
</UL>
<P><STRONG><a name="[25]"></a>EXTI0_IRQHandler</STRONG> (Thumb, 0 bytes, Stack size 0 bytes, startup_stm32f334x8.o(.text))
<BR>[Address Reference Count : 1]<UL><LI> startup_stm32f334x8.o(RESET)
</UL>
<P><STRONG><a name="[43]"></a>EXTI15_10_IRQHandler</STRONG> (Thumb, 0 bytes, Stack size 0 bytes, startup_stm32f334x8.o(.text))
<BR>[Address Reference Count : 1]<UL><LI> startup_stm32f334x8.o(RESET)
</UL>
<P><STRONG><a name="[26]"></a>EXTI1_IRQHandler</STRONG> (Thumb, 0 bytes, Stack size 0 bytes, startup_stm32f334x8.o(.text))
<BR>[Address Reference Count : 1]<UL><LI> startup_stm32f334x8.o(RESET)
</UL>
<P><STRONG><a name="[27]"></a>EXTI2_TSC_IRQHandler</STRONG> (Thumb, 0 bytes, Stack size 0 bytes, startup_stm32f334x8.o(.text))
<BR>[Address Reference Count : 1]<UL><LI> startup_stm32f334x8.o(RESET)
</UL>
<P><STRONG><a name="[28]"></a>EXTI3_IRQHandler</STRONG> (Thumb, 0 bytes, Stack size 0 bytes, startup_stm32f334x8.o(.text))
<BR>[Address Reference Count : 1]<UL><LI> startup_stm32f334x8.o(RESET)
</UL>
<P><STRONG><a name="[29]"></a>EXTI4_IRQHandler</STRONG> (Thumb, 0 bytes, Stack size 0 bytes, startup_stm32f334x8.o(.text))
<BR>[Address Reference Count : 1]<UL><LI> startup_stm32f334x8.o(RESET)
</UL>
<P><STRONG><a name="[36]"></a>EXTI9_5_IRQHandler</STRONG> (Thumb, 0 bytes, Stack size 0 bytes, startup_stm32f334x8.o(.text))
<BR>[Address Reference Count : 1]<UL><LI> startup_stm32f334x8.o(RESET)
</UL>
<P><STRONG><a name="[23]"></a>FLASH_IRQHandler</STRONG> (Thumb, 0 bytes, Stack size 0 bytes, startup_stm32f334x8.o(.text))
<BR>[Address Reference Count : 1]<UL><LI> startup_stm32f334x8.o(RESET)
</UL>
<P><STRONG><a name="[50]"></a>FPU_IRQHandler</STRONG> (Thumb, 0 bytes, Stack size 0 bytes, startup_stm32f334x8.o(.text))
<BR>[Address Reference Count : 1]<UL><LI> startup_stm32f334x8.o(RESET)
</UL>
<P><STRONG><a name="[4c]"></a>HRTIM1_TIMC_IRQHandler</STRONG> (Thumb, 0 bytes, Stack size 0 bytes, startup_stm32f334x8.o(.text))
<BR>[Address Reference Count : 1]<UL><LI> startup_stm32f334x8.o(RESET)
</UL>
<P><STRONG><a name="[4d]"></a>HRTIM1_TIMD_IRQHandler</STRONG> (Thumb, 0 bytes, Stack size 0 bytes, startup_stm32f334x8.o(.text))
<BR>[Address Reference Count : 1]<UL><LI> startup_stm32f334x8.o(RESET)
</UL>
<P><STRONG><a name="[4e]"></a>HRTIM1_TIME_IRQHandler</STRONG> (Thumb, 0 bytes, Stack size 0 bytes, startup_stm32f334x8.o(.text))
<BR>[Address Reference Count : 1]<UL><LI> startup_stm32f334x8.o(RESET)
</UL>
<P><STRONG><a name="[3e]"></a>I2C1_ER_IRQHandler</STRONG> (Thumb, 0 bytes, Stack size 0 bytes, startup_stm32f334x8.o(.text))
<BR>[Address Reference Count : 1]<UL><LI> startup_stm32f334x8.o(RESET)
</UL>
<P><STRONG><a name="[3d]"></a>I2C1_EV_IRQHandler</STRONG> (Thumb, 0 bytes, Stack size 0 bytes, startup_stm32f334x8.o(.text))
<BR>[Address Reference Count : 1]<UL><LI> startup_stm32f334x8.o(RESET)
</UL>
<P><STRONG><a name="[20]"></a>PVD_IRQHandler</STRONG> (Thumb, 0 bytes, Stack size 0 bytes, startup_stm32f334x8.o(.text))
<BR>[Address Reference Count : 1]<UL><LI> startup_stm32f334x8.o(RESET)
</UL>
<P><STRONG><a name="[24]"></a>RCC_IRQHandler</STRONG> (Thumb, 0 bytes, Stack size 0 bytes, startup_stm32f334x8.o(.text))
<BR>[Address Reference Count : 1]<UL><LI> startup_stm32f334x8.o(RESET)
</UL>
<P><STRONG><a name="[44]"></a>RTC_Alarm_IRQHandler</STRONG> (Thumb, 0 bytes, Stack size 0 bytes, startup_stm32f334x8.o(.text))
<BR>[Address Reference Count : 1]<UL><LI> startup_stm32f334x8.o(RESET)
</UL>
<P><STRONG><a name="[22]"></a>RTC_WKUP_IRQHandler</STRONG> (Thumb, 0 bytes, Stack size 0 bytes, startup_stm32f334x8.o(.text))
<BR>[Address Reference Count : 1]<UL><LI> startup_stm32f334x8.o(RESET)
</UL>
<P><STRONG><a name="[3f]"></a>SPI1_IRQHandler</STRONG> (Thumb, 0 bytes, Stack size 0 bytes, startup_stm32f334x8.o(.text))
<BR>[Address Reference Count : 1]<UL><LI> startup_stm32f334x8.o(RESET)
</UL>
<P><STRONG><a name="[21]"></a>TAMP_STAMP_IRQHandler</STRONG> (Thumb, 0 bytes, Stack size 0 bytes, startup_stm32f334x8.o(.text))
<BR>[Address Reference Count : 1]<UL><LI> startup_stm32f334x8.o(RESET)
</UL>
<P><STRONG><a name="[3a]"></a>TIM1_CC_IRQHandler</STRONG> (Thumb, 0 bytes, Stack size 0 bytes, startup_stm32f334x8.o(.text))
<BR>[Address Reference Count : 1]<UL><LI> startup_stm32f334x8.o(RESET)
</UL>
<P><STRONG><a name="[39]"></a>TIM1_TRG_COM_TIM17_IRQHandler</STRONG> (Thumb, 0 bytes, Stack size 0 bytes, startup_stm32f334x8.o(.text))
<BR>[Address Reference Count : 1]<UL><LI> startup_stm32f334x8.o(RESET)
</UL>
<P><STRONG><a name="[3c]"></a>TIM3_IRQHandler</STRONG> (Thumb, 0 bytes, Stack size 0 bytes, startup_stm32f334x8.o(.text))
<BR>[Address Reference Count : 1]<UL><LI> startup_stm32f334x8.o(RESET)
</UL>
<P><STRONG><a name="[45]"></a>TIM6_DAC1_IRQHandler</STRONG> (Thumb, 0 bytes, Stack size 0 bytes, startup_stm32f334x8.o(.text))
<BR>[Address Reference Count : 1]<UL><LI> startup_stm32f334x8.o(RESET)
</UL>
<P><STRONG><a name="[46]"></a>TIM7_DAC2_IRQHandler</STRONG> (Thumb, 0 bytes, Stack size 0 bytes, startup_stm32f334x8.o(.text))
<BR>[Address Reference Count : 1]<UL><LI> startup_stm32f334x8.o(RESET)
</UL>
<P><STRONG><a name="[40]"></a>USART1_IRQHandler</STRONG> (Thumb, 0 bytes, Stack size 0 bytes, startup_stm32f334x8.o(.text))
<BR>[Address Reference Count : 1]<UL><LI> startup_stm32f334x8.o(RESET)
</UL>
<P><STRONG><a name="[41]"></a>USART2_IRQHandler</STRONG> (Thumb, 0 bytes, Stack size 0 bytes, startup_stm32f334x8.o(.text))
<BR>[Address Reference Count : 1]<UL><LI> startup_stm32f334x8.o(RESET)
</UL>
<P><STRONG><a name="[42]"></a>USART3_IRQHandler</STRONG> (Thumb, 0 bytes, Stack size 0 bytes, startup_stm32f334x8.o(.text))
<BR>[Address Reference Count : 1]<UL><LI> startup_stm32f334x8.o(RESET)
</UL>
<P><STRONG><a name="[1f]"></a>WWDG_IRQHandler</STRONG> (Thumb, 0 bytes, Stack size 0 bytes, startup_stm32f334x8.o(.text))
<BR>[Address Reference Count : 1]<UL><LI> startup_stm32f334x8.o(RESET)
</UL>
<P><STRONG><a name="[9c]"></a>__user_initial_stackheap</STRONG> (Thumb, 0 bytes, Stack size unknown bytes, startup_stm32f334x8.o(.text))
<BR><BR>[Called By]<UL><LI><a href="#[73]">&gt;&gt;</a>&nbsp;&nbsp;&nbsp;__user_setup_stackheap
</UL>

<P><STRONG><a name="[e3]"></a>__aeabi_uldivmod</STRONG> (Thumb, 0 bytes, Stack size 48 bytes, lludivv7m.o(.text))
<BR><BR>[Stack]<UL><LI>Max Depth = 48<LI>Call Chain = __aeabi_uldivmod
</UL>
<BR>[Called By]<UL><LI><a href="#[e2]">&gt;&gt;</a>&nbsp;&nbsp;&nbsp;HAL_RCC_GetSysClockFreq
</UL>

<P><STRONG><a name="[1a7]"></a>_ll_udiv</STRONG> (Thumb, 238 bytes, Stack size 48 bytes, lludivv7m.o(.text), UNUSED)

<P><STRONG><a name="[89]"></a>__2snprintf</STRONG> (Thumb, 48 bytes, Stack size 32 bytes, noretval__2snprintf.o(.text))
<BR><BR>[Stack]<UL><LI>Max Depth = 136 + Unknown Stack Size
<LI>Call Chain = __2snprintf &rArr; _printf_char_common &rArr; __printf
</UL>
<BR>[Calls]<UL><LI><a href="#[8b]">&gt;&gt;</a>&nbsp;&nbsp;&nbsp;_sputc
<LI><a href="#[8a]">&gt;&gt;</a>&nbsp;&nbsp;&nbsp;_printf_char_common
</UL>
<BR>[Called By]<UL><LI><a href="#[163]">&gt;&gt;</a>&nbsp;&nbsp;&nbsp;UI_DrawStatus
<LI><a href="#[16c]">&gt;&gt;</a>&nbsp;&nbsp;&nbsp;UI_DrawSettings
<LI><a href="#[16b]">&gt;&gt;</a>&nbsp;&nbsp;&nbsp;UI_DrawRealtime
<LI><a href="#[175]">&gt;&gt;</a>&nbsp;&nbsp;&nbsp;UI_DrawQuickSetItem
<LI><a href="#[16d]">&gt;&gt;</a>&nbsp;&nbsp;&nbsp;UI_DrawPower
<LI><a href="#[147]">&gt;&gt;</a>&nbsp;&nbsp;&nbsp;UI_Display_Process
</UL>

<P><STRONG><a name="[90]"></a>_printf_pre_padding</STRONG> (Thumb, 44 bytes, Stack size 16 bytes, _printf_pad.o(.text))
<BR><BR>[Stack]<UL><LI>Max Depth = 16<LI>Call Chain = _printf_pre_padding
</UL>
<BR>[Called By]<UL><LI><a href="#[9a]">&gt;&gt;</a>&nbsp;&nbsp;&nbsp;_printf_fp_infnan
<LI><a href="#[98]">&gt;&gt;</a>&nbsp;&nbsp;&nbsp;_printf_fp_dec_real
<LI><a href="#[8c]">&gt;&gt;</a>&nbsp;&nbsp;&nbsp;_printf_int_common
</UL>

<P><STRONG><a name="[91]"></a>_printf_post_padding</STRONG> (Thumb, 34 bytes, Stack size 16 bytes, _printf_pad.o(.text))
<BR><BR>[Stack]<UL><LI>Max Depth = 16<LI>Call Chain = _printf_post_padding
</UL>
<BR>[Called By]<UL><LI><a href="#[9a]">&gt;&gt;</a>&nbsp;&nbsp;&nbsp;_printf_fp_infnan
<LI><a href="#[98]">&gt;&gt;</a>&nbsp;&nbsp;&nbsp;_printf_fp_dec_real
<LI><a href="#[8c]">&gt;&gt;</a>&nbsp;&nbsp;&nbsp;_printf_int_common
</UL>

<P><STRONG><a name="[6b]"></a>_printf_int_dec</STRONG> (Thumb, 104 bytes, Stack size 24 bytes, _printf_dec.o(.text))
<BR><BR>[Stack]<UL><LI>Max Depth = 72<LI>Call Chain = _printf_int_dec &rArr; _printf_int_common &rArr; _printf_post_padding
</UL>
<BR>[Calls]<UL><LI><a href="#[8c]">&gt;&gt;</a>&nbsp;&nbsp;&nbsp;_printf_int_common
</UL>
<BR>[Called By]<UL><LI><a href="#[6a]">&gt;&gt;</a>&nbsp;&nbsp;&nbsp;_printf_u
</UL>

<P><STRONG><a name="[8d]"></a>__printf</STRONG> (Thumb, 308 bytes, Stack size 40 bytes, __printf_flags_wp.o(.text))
<BR><BR>[Stack]<UL><LI>Max Depth = 40 + Unknown Stack Size
<LI>Call Chain = __printf
</UL>
<BR>[Calls]<UL><LI><a href="#[8f]">&gt;&gt;</a>&nbsp;&nbsp;&nbsp;_printf_percent
<LI><a href="#[8e]">&gt;&gt;</a>&nbsp;&nbsp;&nbsp;_is_digit
</UL>
<BR>[Called By]<UL><LI><a href="#[8a]">&gt;&gt;</a>&nbsp;&nbsp;&nbsp;_printf_char_common
</UL>

<P><STRONG><a name="[171]"></a>strlen</STRONG> (Thumb, 62 bytes, Stack size 8 bytes, strlen.o(.text))
<BR><BR>[Stack]<UL><LI>Max Depth = 8<LI>Call Chain = strlen
</UL>
<BR>[Called By]<UL><LI><a href="#[170]">&gt;&gt;</a>&nbsp;&nbsp;&nbsp;UI_DrawChinese
</UL>

<P><STRONG><a name="[138]"></a>__aeabi_memcpy4</STRONG> (Thumb, 0 bytes, Stack size 8 bytes, rt_memcpy_w.o(.text))
<BR><BR>[Stack]<UL><LI>Max Depth = 8<LI>Call Chain = __aeabi_memcpy4
</UL>
<BR>[Called By]<UL><LI><a href="#[135]">&gt;&gt;</a>&nbsp;&nbsp;&nbsp;SM_ApplyQuickSet
<LI><a href="#[13d]">&gt;&gt;</a>&nbsp;&nbsp;&nbsp;SM_Get_QuickSetPreset
</UL>

<P><STRONG><a name="[1a8]"></a>__aeabi_memcpy8</STRONG> (Thumb, 0 bytes, Stack size 8 bytes, rt_memcpy_w.o(.text), UNUSED)

<P><STRONG><a name="[1a9]"></a>__rt_memcpy_w</STRONG> (Thumb, 100 bytes, Stack size 8 bytes, rt_memcpy_w.o(.text), UNUSED)

<P><STRONG><a name="[1aa]"></a>_memcpy_lastbytes_aligned</STRONG> (Thumb, 0 bytes, Stack size unknown bytes, rt_memcpy_w.o(.text), UNUSED)

<P><STRONG><a name="[c0]"></a>__aeabi_memclr4</STRONG> (Thumb, 0 bytes, Stack size 4 bytes, rt_memclr_w.o(.text))
<BR><BR>[Stack]<UL><LI>Max Depth = 4<LI>Call Chain = __aeabi_memclr4
</UL>
<BR>[Called By]<UL><LI><a href="#[f6]">&gt;&gt;</a>&nbsp;&nbsp;&nbsp;HAL_TIM_MspPostInit
<LI><a href="#[d0]">&gt;&gt;</a>&nbsp;&nbsp;&nbsp;HAL_HRTIM_MspPostInit
<LI><a href="#[bf]">&gt;&gt;</a>&nbsp;&nbsp;&nbsp;HAL_ADC_MspInit
<LI><a href="#[12c]">&gt;&gt;</a>&nbsp;&nbsp;&nbsp;MX_TIM1_Init
<LI><a href="#[12b]">&gt;&gt;</a>&nbsp;&nbsp;&nbsp;MX_TIM16_Init
<LI><a href="#[128]">&gt;&gt;</a>&nbsp;&nbsp;&nbsp;MX_TIM15_Init
<LI><a href="#[123]">&gt;&gt;</a>&nbsp;&nbsp;&nbsp;MX_HRTIM1_Init
<LI><a href="#[121]">&gt;&gt;</a>&nbsp;&nbsp;&nbsp;MX_GPIO_Init
<LI><a href="#[11f]">&gt;&gt;</a>&nbsp;&nbsp;&nbsp;MX_ADC2_Init
<LI><a href="#[11c]">&gt;&gt;</a>&nbsp;&nbsp;&nbsp;MX_ADC1_Init
<LI><a href="#[149]">&gt;&gt;</a>&nbsp;&nbsp;&nbsp;SystemClock_Config
<LI><a href="#[146]">&gt;&gt;</a>&nbsp;&nbsp;&nbsp;UI_Display_Init
</UL>

<P><STRONG><a name="[1ab]"></a>__aeabi_memclr8</STRONG> (Thumb, 0 bytes, Stack size 4 bytes, rt_memclr_w.o(.text), UNUSED)

<P><STRONG><a name="[1ac]"></a>__rt_memclr_w</STRONG> (Thumb, 78 bytes, Stack size 4 bytes, rt_memclr_w.o(.text), UNUSED)

<P><STRONG><a name="[1ad]"></a>_memset_w</STRONG> (Thumb, 0 bytes, Stack size unknown bytes, rt_memclr_w.o(.text), UNUSED)

<P><STRONG><a name="[1ae]"></a>__use_two_region_memory</STRONG> (Thumb, 2 bytes, Stack size 0 bytes, heapauxi.o(.text), UNUSED)

<P><STRONG><a name="[1af]"></a>__rt_heap_escrow$2region</STRONG> (Thumb, 2 bytes, Stack size 0 bytes, heapauxi.o(.text), UNUSED)

<P><STRONG><a name="[1b0]"></a>__rt_heap_expand$2region</STRONG> (Thumb, 2 bytes, Stack size 0 bytes, heapauxi.o(.text), UNUSED)

<P><STRONG><a name="[8c]"></a>_printf_int_common</STRONG> (Thumb, 178 bytes, Stack size 32 bytes, _printf_intcommon.o(.text))
<BR><BR>[Stack]<UL><LI>Max Depth = 48<LI>Call Chain = _printf_int_common &rArr; _printf_post_padding
</UL>
<BR>[Calls]<UL><LI><a href="#[91]">&gt;&gt;</a>&nbsp;&nbsp;&nbsp;_printf_post_padding
<LI><a href="#[90]">&gt;&gt;</a>&nbsp;&nbsp;&nbsp;_printf_pre_padding
</UL>
<BR>[Called By]<UL><LI><a href="#[6b]">&gt;&gt;</a>&nbsp;&nbsp;&nbsp;_printf_int_dec
</UL>

<P><STRONG><a name="[1b1]"></a>__lib_sel_fp_printf</STRONG> (Thumb, 2 bytes, Stack size 0 bytes, _printf_fp_dec.o(.text), UNUSED)

<P><STRONG><a name="[98]"></a>_printf_fp_dec_real</STRONG> (Thumb, 620 bytes, Stack size 104 bytes, _printf_fp_dec.o(.text))
<BR><BR>[Stack]<UL><LI>Max Depth = 324<LI>Call Chain = _printf_fp_dec_real &rArr; _fp_digits &rArr; _btod_etento &rArr; _btod_emul &rArr; _e2e
</UL>
<BR>[Calls]<UL><LI><a href="#[99]">&gt;&gt;</a>&nbsp;&nbsp;&nbsp;__ARM_fpclassify
<LI><a href="#[9a]">&gt;&gt;</a>&nbsp;&nbsp;&nbsp;_printf_fp_infnan
<LI><a href="#[6f]">&gt;&gt;</a>&nbsp;&nbsp;&nbsp;__rt_locale
<LI><a href="#[92]">&gt;&gt;</a>&nbsp;&nbsp;&nbsp;_fp_digits
<LI><a href="#[91]">&gt;&gt;</a>&nbsp;&nbsp;&nbsp;_printf_post_padding
<LI><a href="#[90]">&gt;&gt;</a>&nbsp;&nbsp;&nbsp;_printf_pre_padding
</UL>
<BR>[Called By]<UL><LI><a href="#[69]">&gt;&gt;</a>&nbsp;&nbsp;&nbsp;_printf_fp_dec
</UL>

<P><STRONG><a name="[8a]"></a>_printf_char_common</STRONG> (Thumb, 32 bytes, Stack size 64 bytes, _printf_char_common.o(.text))
<BR><BR>[Stack]<UL><LI>Max Depth = 104 + Unknown Stack Size
<LI>Call Chain = _printf_char_common &rArr; __printf
</UL>
<BR>[Calls]<UL><LI><a href="#[8d]">&gt;&gt;</a>&nbsp;&nbsp;&nbsp;__printf
</UL>
<BR>[Called By]<UL><LI><a href="#[89]">&gt;&gt;</a>&nbsp;&nbsp;&nbsp;__2snprintf
</UL>

<P><STRONG><a name="[8b]"></a>_sputc</STRONG> (Thumb, 10 bytes, Stack size 0 bytes, _sputc.o(.text))
<BR><BR>[Called By]<UL><LI><a href="#[89]">&gt;&gt;</a>&nbsp;&nbsp;&nbsp;__2snprintf
</UL>

<P><STRONG><a name="[53]"></a>_snputc</STRONG> (Thumb, 16 bytes, Stack size 0 bytes, _snputc.o(.text))
<BR>[Address Reference Count : 1]<UL><LI> noretval__2snprintf.o(.text)
</UL>
<P><STRONG><a name="[6f]"></a>__rt_locale</STRONG> (Thumb, 8 bytes, Stack size 0 bytes, rt_locale_intlibspace.o(.text))
<BR><BR>[Called By]<UL><LI><a href="#[6e]">&gt;&gt;</a>&nbsp;&nbsp;&nbsp;__rt_lib_init_lc_common
<LI><a href="#[98]">&gt;&gt;</a>&nbsp;&nbsp;&nbsp;_printf_fp_dec_real
</UL>

<P><STRONG><a name="[97]"></a>_ll_udiv10</STRONG> (Thumb, 138 bytes, Stack size 12 bytes, lludiv10.o(.text))
<BR><BR>[Stack]<UL><LI>Max Depth = 12<LI>Call Chain = _ll_udiv10
</UL>
<BR>[Called By]<UL><LI><a href="#[92]">&gt;&gt;</a>&nbsp;&nbsp;&nbsp;_fp_digits
</UL>

<P><STRONG><a name="[9a]"></a>_printf_fp_infnan</STRONG> (Thumb, 112 bytes, Stack size 24 bytes, _printf_fp_infnan.o(.text))
<BR><BR>[Stack]<UL><LI>Max Depth = 40<LI>Call Chain = _printf_fp_infnan &rArr; _printf_post_padding
</UL>
<BR>[Calls]<UL><LI><a href="#[91]">&gt;&gt;</a>&nbsp;&nbsp;&nbsp;_printf_post_padding
<LI><a href="#[90]">&gt;&gt;</a>&nbsp;&nbsp;&nbsp;_printf_pre_padding
</UL>
<BR>[Called By]<UL><LI><a href="#[98]">&gt;&gt;</a>&nbsp;&nbsp;&nbsp;_printf_fp_dec_real
</UL>

<P><STRONG><a name="[93]"></a>_btod_etento</STRONG> (Thumb, 224 bytes, Stack size 72 bytes, bigflt0.o(.text))
<BR><BR>[Stack]<UL><LI>Max Depth = 124<LI>Call Chain = _btod_etento &rArr; _btod_emul &rArr; _e2e
</UL>
<BR>[Calls]<UL><LI><a href="#[96]">&gt;&gt;</a>&nbsp;&nbsp;&nbsp;_btod_emul
<LI><a href="#[95]">&gt;&gt;</a>&nbsp;&nbsp;&nbsp;_btod_ediv
</UL>
<BR>[Called By]<UL><LI><a href="#[92]">&gt;&gt;</a>&nbsp;&nbsp;&nbsp;_fp_digits
</UL>

<P><STRONG><a name="[1b2]"></a>__user_libspace</STRONG> (Thumb, 8 bytes, Stack size 0 bytes, libspace.o(.text), UNUSED)

<P><STRONG><a name="[9b]"></a>__user_perproc_libspace</STRONG> (Thumb, 0 bytes, Stack size 0 bytes, libspace.o(.text))
<BR><BR>[Called By]<UL><LI><a href="#[73]">&gt;&gt;</a>&nbsp;&nbsp;&nbsp;__user_setup_stackheap
</UL>

<P><STRONG><a name="[1b3]"></a>__user_perthread_libspace</STRONG> (Thumb, 0 bytes, Stack size 0 bytes, libspace.o(.text), UNUSED)

<P><STRONG><a name="[73]"></a>__user_setup_stackheap</STRONG> (Thumb, 74 bytes, Stack size 8 bytes, sys_stackheap_outer.o(.text))
<BR><BR>[Stack]<UL><LI>Max Depth = 8 + Unknown Stack Size
<LI>Call Chain = __user_setup_stackheap
</UL>
<BR>[Calls]<UL><LI><a href="#[9c]">&gt;&gt;</a>&nbsp;&nbsp;&nbsp;__user_initial_stackheap
<LI><a href="#[9b]">&gt;&gt;</a>&nbsp;&nbsp;&nbsp;__user_perproc_libspace
</UL>
<BR>[Called By]<UL><LI><a href="#[72]">&gt;&gt;</a>&nbsp;&nbsp;&nbsp;__rt_entry_sh
</UL>

<P><STRONG><a name="[78]"></a>exit</STRONG> (Thumb, 18 bytes, Stack size 8 bytes, exit.o(.text))
<BR><BR>[Stack]<UL><LI>Max Depth = 8 + Unknown Stack Size
<LI>Call Chain = exit
</UL>
<BR>[Calls]<UL><LI><a href="#[9d]">&gt;&gt;</a>&nbsp;&nbsp;&nbsp;__rt_exit
</UL>
<BR>[Called By]<UL><LI><a href="#[76]">&gt;&gt;</a>&nbsp;&nbsp;&nbsp;__rt_entry_main
</UL>

<P><STRONG><a name="[17d]"></a>strcmp</STRONG> (Thumb, 128 bytes, Stack size 0 bytes, strcmpv7m.o(.text))
<BR><BR>[Called By]<UL><LI><a href="#[71]">&gt;&gt;</a>&nbsp;&nbsp;&nbsp;_get_lc_numeric
</UL>

<P><STRONG><a name="[7c]"></a>_sys_exit</STRONG> (Thumb, 8 bytes, Stack size 0 bytes, sys_exit.o(.text))
<BR><BR>[Called By]<UL><LI><a href="#[7b]">&gt;&gt;</a>&nbsp;&nbsp;&nbsp;__rt_exit_exit
</UL>

<P><STRONG><a name="[1b4]"></a>__I$use$semihosting</STRONG> (Thumb, 0 bytes, Stack size 0 bytes, use_no_semi.o(.text), UNUSED)

<P><STRONG><a name="[1b5]"></a>__use_no_semihosting_swi</STRONG> (Thumb, 2 bytes, Stack size 0 bytes, use_no_semi.o(.text), UNUSED)

<P><STRONG><a name="[1b6]"></a>__semihosting_library_function</STRONG> (Thumb, 0 bytes, Stack size 0 bytes, indicate_semi.o(.text), UNUSED)

<P><STRONG><a name="[94]"></a>_btod_d2e</STRONG> (Thumb, 62 bytes, Stack size 0 bytes, btod.o(CL$$btod_d2e))
<BR><BR>[Calls]<UL><LI><a href="#[9e]">&gt;&gt;</a>&nbsp;&nbsp;&nbsp;_d2e_norm_op1
</UL>
<BR>[Called By]<UL><LI><a href="#[92]">&gt;&gt;</a>&nbsp;&nbsp;&nbsp;_fp_digits
</UL>

<P><STRONG><a name="[9f]"></a>_d2e_denorm_low</STRONG> (Thumb, 70 bytes, Stack size 0 bytes, btod.o(CL$$btod_d2e_denorm_low))
<BR><BR>[Called By]<UL><LI><a href="#[9e]">&gt;&gt;</a>&nbsp;&nbsp;&nbsp;_d2e_norm_op1
</UL>

<P><STRONG><a name="[9e]"></a>_d2e_norm_op1</STRONG> (Thumb, 96 bytes, Stack size 0 bytes, btod.o(CL$$btod_d2e_norm_op1))
<BR><BR>[Calls]<UL><LI><a href="#[9f]">&gt;&gt;</a>&nbsp;&nbsp;&nbsp;_d2e_denorm_low
</UL>
<BR>[Called By]<UL><LI><a href="#[94]">&gt;&gt;</a>&nbsp;&nbsp;&nbsp;_btod_d2e
</UL>

<P><STRONG><a name="[a0]"></a>__btod_div_common</STRONG> (Thumb, 696 bytes, Stack size 24 bytes, btod.o(CL$$btod_div_common))
<BR><BR>[Stack]<UL><LI>Max Depth = 24<LI>Call Chain = __btod_div_common
</UL>
<BR>[Called By]<UL><LI><a href="#[95]">&gt;&gt;</a>&nbsp;&nbsp;&nbsp;_btod_ediv
</UL>

<P><STRONG><a name="[a1]"></a>_e2e</STRONG> (Thumb, 220 bytes, Stack size 24 bytes, btod.o(CL$$btod_e2e))
<BR><BR>[Stack]<UL><LI>Max Depth = 24<LI>Call Chain = _e2e
</UL>
<BR>[Called By]<UL><LI><a href="#[96]">&gt;&gt;</a>&nbsp;&nbsp;&nbsp;_btod_emul
<LI><a href="#[95]">&gt;&gt;</a>&nbsp;&nbsp;&nbsp;_btod_ediv
</UL>

<P><STRONG><a name="[95]"></a>_btod_ediv</STRONG> (Thumb, 42 bytes, Stack size 28 bytes, btod.o(CL$$btod_ediv))
<BR><BR>[Stack]<UL><LI>Max Depth = 52<LI>Call Chain = _btod_ediv &rArr; _e2e
</UL>
<BR>[Calls]<UL><LI><a href="#[a1]">&gt;&gt;</a>&nbsp;&nbsp;&nbsp;_e2e
<LI><a href="#[a0]">&gt;&gt;</a>&nbsp;&nbsp;&nbsp;__btod_div_common
</UL>
<BR>[Called By]<UL><LI><a href="#[93]">&gt;&gt;</a>&nbsp;&nbsp;&nbsp;_btod_etento
<LI><a href="#[92]">&gt;&gt;</a>&nbsp;&nbsp;&nbsp;_fp_digits
</UL>

<P><STRONG><a name="[96]"></a>_btod_emul</STRONG> (Thumb, 42 bytes, Stack size 28 bytes, btod.o(CL$$btod_emul))
<BR><BR>[Stack]<UL><LI>Max Depth = 52<LI>Call Chain = _btod_emul &rArr; _e2e
</UL>
<BR>[Calls]<UL><LI><a href="#[a2]">&gt;&gt;</a>&nbsp;&nbsp;&nbsp;__btod_mult_common
<LI><a href="#[a1]">&gt;&gt;</a>&nbsp;&nbsp;&nbsp;_e2e
</UL>
<BR>[Called By]<UL><LI><a href="#[93]">&gt;&gt;</a>&nbsp;&nbsp;&nbsp;_btod_etento
<LI><a href="#[92]">&gt;&gt;</a>&nbsp;&nbsp;&nbsp;_fp_digits
</UL>

<P><STRONG><a name="[a2]"></a>__btod_mult_common</STRONG> (Thumb, 580 bytes, Stack size 16 bytes, btod.o(CL$$btod_mult_common))
<BR><BR>[Stack]<UL><LI>Max Depth = 16<LI>Call Chain = __btod_mult_common
</UL>
<BR>[Called By]<UL><LI><a href="#[96]">&gt;&gt;</a>&nbsp;&nbsp;&nbsp;_btod_emul
</UL>

<P><STRONG><a name="[a8]"></a>BSP_ADC_Init</STRONG> (Thumb, 26 bytes, Stack size 8 bytes, bsp_adc.o(i.BSP_ADC_Init))
<BR><BR>[Stack]<UL><LI>Max Depth = 68<LI>Call Chain = BSP_ADC_Init &rArr; HAL_ADC_Start_DMA &rArr; HAL_DMA_Start_IT &rArr; DMA_SetConfig
</UL>
<BR>[Calls]<UL><LI><a href="#[aa]">&gt;&gt;</a>&nbsp;&nbsp;&nbsp;HAL_ADC_Start_DMA
<LI><a href="#[a9]">&gt;&gt;</a>&nbsp;&nbsp;&nbsp;HAL_ADCEx_Calibration_Start
</UL>
<BR>[Called By]<UL><LI><a href="#[b3]">&gt;&gt;</a>&nbsp;&nbsp;&nbsp;BSP_Init
</UL>

<P><STRONG><a name="[bd]"></a>BSP_ADC_Process</STRONG> (Thumb, 148 bytes, Stack size 16 bytes, bsp_adc.o(i.BSP_ADC_Process))
<BR><BR>[Stack]<UL><LI>Max Depth = 16<LI>Call Chain = BSP_ADC_Process
</UL>
<BR>[Called By]<UL><LI><a href="#[a3]">&gt;&gt;</a>&nbsp;&nbsp;&nbsp;HAL_ADC_ConvCpltCallback
</UL>

<P><STRONG><a name="[ab]"></a>BSP_GPIO_Init</STRONG> (Thumb, 28 bytes, Stack size 8 bytes, bsp_gpio.o(i.BSP_GPIO_Init))
<BR><BR>[Stack]<UL><LI>Max Depth = 16<LI>Call Chain = BSP_GPIO_Init &rArr; Drv_LED0_OFF
</UL>
<BR>[Calls]<UL><LI><a href="#[ac]">&gt;&gt;</a>&nbsp;&nbsp;&nbsp;Drv_LED0_OFF
<LI><a href="#[87]">&gt;&gt;</a>&nbsp;&nbsp;&nbsp;Drv_LED3_OFF
<LI><a href="#[ae]">&gt;&gt;</a>&nbsp;&nbsp;&nbsp;Drv_LED2_OFF
<LI><a href="#[ad]">&gt;&gt;</a>&nbsp;&nbsp;&nbsp;Drv_LED1_OFF
</UL>
<BR>[Called By]<UL><LI><a href="#[b3]">&gt;&gt;</a>&nbsp;&nbsp;&nbsp;BSP_Init
</UL>

<P><STRONG><a name="[af]"></a>BSP_HRTIM_Init</STRONG> (Thumb, 24 bytes, Stack size 8 bytes, bsp_hrtim.o(i.BSP_HRTIM_Init))
<BR><BR>[Stack]<UL><LI>Max Depth = 16<LI>Call Chain = BSP_HRTIM_Init &rArr; HAL_HRTIM_WaveformOutputStart
</UL>
<BR>[Calls]<UL><LI><a href="#[b0]">&gt;&gt;</a>&nbsp;&nbsp;&nbsp;HAL_HRTIM_WaveformOutputStart
<LI><a href="#[b1]">&gt;&gt;</a>&nbsp;&nbsp;&nbsp;HAL_HRTIM_WaveformCountStart
</UL>
<BR>[Called By]<UL><LI><a href="#[b3]">&gt;&gt;</a>&nbsp;&nbsp;&nbsp;BSP_Init
</UL>

<P><STRONG><a name="[86]"></a>BSP_HRTIM_UpdateDutySymmetric</STRONG> (Thumb, 66 bytes, Stack size 8 bytes, bsp_hrtim.o(i.BSP_HRTIM_UpdateDutySymmetric))
<BR><BR>[Stack]<UL><LI>Max Depth = 8<LI>Call Chain = BSP_HRTIM_UpdateDutySymmetric
</UL>
<BR>[Calls]<UL><LI><a href="#[b2]">&gt;&gt;</a>&nbsp;&nbsp;&nbsp;BSP_HRTIM_ClampDuty
</UL>
<BR>[Called By]<UL><LI><a href="#[7d]">&gt;&gt;</a>&nbsp;&nbsp;&nbsp;Power_Control_Process
<LI><a href="#[12e]">&gt;&gt;</a>&nbsp;&nbsp;&nbsp;Power_Control_Init
</UL>

<P><STRONG><a name="[b3]"></a>BSP_Init</STRONG> (Thumb, 48 bytes, Stack size 16 bytes, task_manager.o(i.BSP_Init))
<BR><BR>[Stack]<UL><LI>Max Depth = 84<LI>Call Chain = BSP_Init &rArr; BSP_ADC_Init &rArr; HAL_ADC_Start_DMA &rArr; HAL_DMA_Start_IT &rArr; DMA_SetConfig
</UL>
<BR>[Calls]<UL><LI><a href="#[b4]">&gt;&gt;</a>&nbsp;&nbsp;&nbsp;BSP_LCD_Init
<LI><a href="#[af]">&gt;&gt;</a>&nbsp;&nbsp;&nbsp;BSP_HRTIM_Init
<LI><a href="#[ab]">&gt;&gt;</a>&nbsp;&nbsp;&nbsp;BSP_GPIO_Init
<LI><a href="#[a8]">&gt;&gt;</a>&nbsp;&nbsp;&nbsp;BSP_ADC_Init
</UL>
<BR>[Called By]<UL><LI><a href="#[141]">&gt;&gt;</a>&nbsp;&nbsp;&nbsp;SysCore_Init
</UL>

<P><STRONG><a name="[15c]"></a>BSP_LCD_GetInterface</STRONG> (Thumb, 4 bytes, Stack size 0 bytes, bsp_lcd.o(i.BSP_LCD_GetInterface))
<BR><BR>[Called By]<UL><LI><a href="#[157]">&gt;&gt;</a>&nbsp;&nbsp;&nbsp;TFT_WriteData8
<LI><a href="#[156]">&gt;&gt;</a>&nbsp;&nbsp;&nbsp;TFT_WriteCommand
<LI><a href="#[159]">&gt;&gt;</a>&nbsp;&nbsp;&nbsp;TFT_WriteColorRepeat
<LI><a href="#[119]">&gt;&gt;</a>&nbsp;&nbsp;&nbsp;TFT_InitStart
<LI><a href="#[144]">&gt;&gt;</a>&nbsp;&nbsp;&nbsp;TFT_InitProcess
</UL>

<P><STRONG><a name="[15b]"></a>BSP_LCD_GetOps</STRONG> (Thumb, 4 bytes, Stack size 0 bytes, bsp_lcd.o(i.BSP_LCD_GetOps))
<BR><BR>[Called By]<UL><LI><a href="#[157]">&gt;&gt;</a>&nbsp;&nbsp;&nbsp;TFT_WriteData8
<LI><a href="#[156]">&gt;&gt;</a>&nbsp;&nbsp;&nbsp;TFT_WriteCommand
<LI><a href="#[159]">&gt;&gt;</a>&nbsp;&nbsp;&nbsp;TFT_WriteColorRepeat
<LI><a href="#[119]">&gt;&gt;</a>&nbsp;&nbsp;&nbsp;TFT_InitStart
<LI><a href="#[144]">&gt;&gt;</a>&nbsp;&nbsp;&nbsp;TFT_InitProcess
</UL>

<P><STRONG><a name="[b4]"></a>BSP_LCD_Init</STRONG> (Thumb, 10 bytes, Stack size 0 bytes, bsp_lcd.o(i.BSP_LCD_Init))
<BR><BR>[Called By]<UL><LI><a href="#[b3]">&gt;&gt;</a>&nbsp;&nbsp;&nbsp;BSP_Init
</UL>

<P><STRONG><a name="[b5]"></a>BSP_LCD_SetBacklight</STRONG> (Thumb, 110 bytes, Stack size 24 bytes, bsp_lcd.o(i.BSP_LCD_SetBacklight))
<BR><BR>[Stack]<UL><LI>Max Depth = 44<LI>Call Chain = BSP_LCD_SetBacklight &rArr; HAL_TIM_PWM_Stop &rArr; TIM_CCxChannelCmd
</UL>
<BR>[Calls]<UL><LI><a href="#[b6]">&gt;&gt;</a>&nbsp;&nbsp;&nbsp;HAL_TIM_PWM_Stop
<LI><a href="#[b7]">&gt;&gt;</a>&nbsp;&nbsp;&nbsp;HAL_TIM_PWM_Start
</UL>
<BR>[Called By]<UL><LI><a href="#[145]">&gt;&gt;</a>&nbsp;&nbsp;&nbsp;TFT_SetBacklight
</UL>

<P><STRONG><a name="[19]"></a>BusFault_Handler</STRONG> (Thumb, 2 bytes, Stack size 0 bytes, stm32f3xx_it.o(i.BusFault_Handler))
<BR><BR>[Calls]<UL><LI><a href="#[19]">&gt;&gt;</a>&nbsp;&nbsp;&nbsp;BusFault_Handler
</UL>
<BR>[Called By]<UL><LI><a href="#[19]">&gt;&gt;</a>&nbsp;&nbsp;&nbsp;BusFault_Handler
</UL>
<BR>[Address Reference Count : 1]<UL><LI> startup_stm32f334x8.o(RESET)
</UL>
<P><STRONG><a name="[b8]"></a>Button_Process_Engine</STRONG> (Thumb, 158 bytes, Stack size 24 bytes, key.o(i.Button_Process_Engine))
<BR><BR>[Stack]<UL><LI>Max Depth = 36<LI>Call Chain = Button_Process_Engine &rArr; Push_Event_To_Queue
</UL>
<BR>[Calls]<UL><LI><a href="#[b9]">&gt;&gt;</a>&nbsp;&nbsp;&nbsp;Push_Event_To_Queue
</UL>
<BR>[Called By]<UL><LI><a href="#[11a]">&gt;&gt;</a>&nbsp;&nbsp;&nbsp;Key_Process
</UL>

<P><STRONG><a name="[2a]"></a>DMA1_Channel1_IRQHandler</STRONG> (Thumb, 6 bytes, Stack size 0 bytes, stm32f3xx_it.o(i.DMA1_Channel1_IRQHandler))
<BR><BR>[Stack]<UL><LI>Max Depth = 16<LI>Call Chain = DMA1_Channel1_IRQHandler &rArr; HAL_DMA_IRQHandler
</UL>
<BR>[Calls]<UL><LI><a href="#[ba]">&gt;&gt;</a>&nbsp;&nbsp;&nbsp;HAL_DMA_IRQHandler
</UL>
<BR>[Address Reference Count : 1]<UL><LI> startup_stm32f334x8.o(RESET)
</UL>
<P><STRONG><a name="[2b]"></a>DMA1_Channel2_IRQHandler</STRONG> (Thumb, 6 bytes, Stack size 0 bytes, stm32f3xx_it.o(i.DMA1_Channel2_IRQHandler))
<BR><BR>[Stack]<UL><LI>Max Depth = 16<LI>Call Chain = DMA1_Channel2_IRQHandler &rArr; HAL_DMA_IRQHandler
</UL>
<BR>[Calls]<UL><LI><a href="#[ba]">&gt;&gt;</a>&nbsp;&nbsp;&nbsp;HAL_DMA_IRQHandler
</UL>
<BR>[Address Reference Count : 1]<UL><LI> startup_stm32f334x8.o(RESET)
</UL>
<P><STRONG><a name="[1c]"></a>DebugMon_Handler</STRONG> (Thumb, 2 bytes, Stack size 0 bytes, stm32f3xx_it.o(i.DebugMon_Handler))
<BR>[Address Reference Count : 1]<UL><LI> startup_stm32f334x8.o(RESET)
</UL>
<P><STRONG><a name="[7]"></a>Drv_Btn_Read_DOWN1</STRONG> (Thumb, 18 bytes, Stack size 8 bytes, bsp_gpio.o(i.Drv_Btn_Read_DOWN1))
<BR><BR>[Stack]<UL><LI>Max Depth = 8<LI>Call Chain = Drv_Btn_Read_DOWN1
</UL>
<BR>[Calls]<UL><LI><a href="#[bb]">&gt;&gt;</a>&nbsp;&nbsp;&nbsp;gpio_pin_read
</UL>
<BR>[Address Reference Count : 1]<UL><LI> key.o(.data)
</UL>
<P><STRONG><a name="[a]"></a>Drv_Btn_Read_DOWN2</STRONG> (Thumb, 18 bytes, Stack size 8 bytes, bsp_gpio.o(i.Drv_Btn_Read_DOWN2))
<BR><BR>[Stack]<UL><LI>Max Depth = 8<LI>Call Chain = Drv_Btn_Read_DOWN2
</UL>
<BR>[Calls]<UL><LI><a href="#[bb]">&gt;&gt;</a>&nbsp;&nbsp;&nbsp;gpio_pin_read
</UL>
<BR>[Address Reference Count : 1]<UL><LI> key.o(.data)
</UL>
<P><STRONG><a name="[5]"></a>Drv_Btn_Read_EXIT</STRONG> (Thumb, 18 bytes, Stack size 8 bytes, bsp_gpio.o(i.Drv_Btn_Read_EXIT))
<BR><BR>[Stack]<UL><LI>Max Depth = 8<LI>Call Chain = Drv_Btn_Read_EXIT
</UL>
<BR>[Calls]<UL><LI><a href="#[bb]">&gt;&gt;</a>&nbsp;&nbsp;&nbsp;gpio_pin_read
</UL>
<BR>[Address Reference Count : 1]<UL><LI> key.o(.data)
</UL>
<P><STRONG><a name="[4]"></a>Drv_Btn_Read_SET1</STRONG> (Thumb, 18 bytes, Stack size 8 bytes, bsp_gpio.o(i.Drv_Btn_Read_SET1))
<BR><BR>[Stack]<UL><LI>Max Depth = 8<LI>Call Chain = Drv_Btn_Read_SET1
</UL>
<BR>[Calls]<UL><LI><a href="#[bb]">&gt;&gt;</a>&nbsp;&nbsp;&nbsp;gpio_pin_read
</UL>
<BR>[Address Reference Count : 1]<UL><LI> key.o(.data)
</UL>
<P><STRONG><a name="[8]"></a>Drv_Btn_Read_SET2</STRONG> (Thumb, 18 bytes, Stack size 8 bytes, bsp_gpio.o(i.Drv_Btn_Read_SET2))
<BR><BR>[Stack]<UL><LI>Max Depth = 8<LI>Call Chain = Drv_Btn_Read_SET2
</UL>
<BR>[Calls]<UL><LI><a href="#[bb]">&gt;&gt;</a>&nbsp;&nbsp;&nbsp;gpio_pin_read
</UL>
<BR>[Address Reference Count : 1]<UL><LI> key.o(.data)
</UL>
<P><STRONG><a name="[6]"></a>Drv_Btn_Read_UP1</STRONG> (Thumb, 18 bytes, Stack size 8 bytes, bsp_gpio.o(i.Drv_Btn_Read_UP1))
<BR><BR>[Stack]<UL><LI>Max Depth = 8<LI>Call Chain = Drv_Btn_Read_UP1
</UL>
<BR>[Calls]<UL><LI><a href="#[bb]">&gt;&gt;</a>&nbsp;&nbsp;&nbsp;gpio_pin_read
</UL>
<BR>[Address Reference Count : 1]<UL><LI> key.o(.data)
</UL>
<P><STRONG><a name="[9]"></a>Drv_Btn_Read_UP2</STRONG> (Thumb, 18 bytes, Stack size 8 bytes, bsp_gpio.o(i.Drv_Btn_Read_UP2))
<BR><BR>[Stack]<UL><LI>Max Depth = 8<LI>Call Chain = Drv_Btn_Read_UP2
</UL>
<BR>[Calls]<UL><LI><a href="#[bb]">&gt;&gt;</a>&nbsp;&nbsp;&nbsp;gpio_pin_read
</UL>
<BR>[Address Reference Count : 1]<UL><LI> key.o(.data)
</UL>
<P><STRONG><a name="[ac]"></a>Drv_LED0_OFF</STRONG> (Thumb, 34 bytes, Stack size 8 bytes, bsp_gpio.o(i.Drv_LED0_OFF))
<BR><BR>[Stack]<UL><LI>Max Depth = 8<LI>Call Chain = Drv_LED0_OFF
</UL>
<BR>[Calls]<UL><LI><a href="#[bc]">&gt;&gt;</a>&nbsp;&nbsp;&nbsp;gpio_pin_write
</UL>
<BR>[Called By]<UL><LI><a href="#[ab]">&gt;&gt;</a>&nbsp;&nbsp;&nbsp;BSP_GPIO_Init
</UL>

<P><STRONG><a name="[ad]"></a>Drv_LED1_OFF</STRONG> (Thumb, 8 bytes, Stack size 0 bytes, bsp_gpio.o(i.Drv_LED1_OFF))
<BR><BR>[Calls]<UL><LI><a href="#[bc]">&gt;&gt;</a>&nbsp;&nbsp;&nbsp;gpio_pin_write
</UL>
<BR>[Called By]<UL><LI><a href="#[ab]">&gt;&gt;</a>&nbsp;&nbsp;&nbsp;BSP_GPIO_Init
</UL>

<P><STRONG><a name="[ae]"></a>Drv_LED2_OFF</STRONG> (Thumb, 8 bytes, Stack size 0 bytes, bsp_gpio.o(i.Drv_LED2_OFF))
<BR><BR>[Calls]<UL><LI><a href="#[bc]">&gt;&gt;</a>&nbsp;&nbsp;&nbsp;gpio_pin_write
</UL>
<BR>[Called By]<UL><LI><a href="#[ab]">&gt;&gt;</a>&nbsp;&nbsp;&nbsp;BSP_GPIO_Init
</UL>

<P><STRONG><a name="[87]"></a>Drv_LED3_OFF</STRONG> (Thumb, 8 bytes, Stack size 0 bytes, bsp_gpio.o(i.Drv_LED3_OFF))
<BR><BR>[Calls]<UL><LI><a href="#[bc]">&gt;&gt;</a>&nbsp;&nbsp;&nbsp;gpio_pin_write
</UL>
<BR>[Called By]<UL><LI><a href="#[7d]">&gt;&gt;</a>&nbsp;&nbsp;&nbsp;Power_Control_Process
<LI><a href="#[ab]">&gt;&gt;</a>&nbsp;&nbsp;&nbsp;BSP_GPIO_Init
</UL>

<P><STRONG><a name="[7e]"></a>Drv_LED3_ON</STRONG> (Thumb, 8 bytes, Stack size 0 bytes, bsp_gpio.o(i.Drv_LED3_ON))
<BR><BR>[Calls]<UL><LI><a href="#[bc]">&gt;&gt;</a>&nbsp;&nbsp;&nbsp;gpio_pin_write
</UL>
<BR>[Called By]<UL><LI><a href="#[7d]">&gt;&gt;</a>&nbsp;&nbsp;&nbsp;Power_Control_Process
</UL>

<P><STRONG><a name="[c3]"></a>Error_Handler</STRONG> (Thumb, 4 bytes, Stack size 0 bytes, main.o(i.Error_Handler))
<BR><BR>[Called By]<UL><LI><a href="#[bf]">&gt;&gt;</a>&nbsp;&nbsp;&nbsp;HAL_ADC_MspInit
<LI><a href="#[12d]">&gt;&gt;</a>&nbsp;&nbsp;&nbsp;MX_TIM2_Init
<LI><a href="#[12c]">&gt;&gt;</a>&nbsp;&nbsp;&nbsp;MX_TIM1_Init
<LI><a href="#[12b]">&gt;&gt;</a>&nbsp;&nbsp;&nbsp;MX_TIM16_Init
<LI><a href="#[128]">&gt;&gt;</a>&nbsp;&nbsp;&nbsp;MX_TIM15_Init
<LI><a href="#[123]">&gt;&gt;</a>&nbsp;&nbsp;&nbsp;MX_HRTIM1_Init
<LI><a href="#[11f]">&gt;&gt;</a>&nbsp;&nbsp;&nbsp;MX_ADC2_Init
<LI><a href="#[11c]">&gt;&gt;</a>&nbsp;&nbsp;&nbsp;MX_ADC1_Init
<LI><a href="#[149]">&gt;&gt;</a>&nbsp;&nbsp;&nbsp;SystemClock_Config
</UL>

<P><STRONG><a name="[80]"></a>Get_IOUT</STRONG> (Thumb, 18 bytes, Stack size 0 bytes, bsp_adc.o(i.Get_IOUT))
<BR><BR>[Called By]<UL><LI><a href="#[7d]">&gt;&gt;</a>&nbsp;&nbsp;&nbsp;Power_Control_Process
<LI><a href="#[13a]">&gt;&gt;</a>&nbsp;&nbsp;&nbsp;SM_Get_MeasuredCurrent
</UL>

<P><STRONG><a name="[7f]"></a>Get_VOUT</STRONG> (Thumb, 18 bytes, Stack size 0 bytes, bsp_adc.o(i.Get_VOUT))
<BR><BR>[Called By]<UL><LI><a href="#[7d]">&gt;&gt;</a>&nbsp;&nbsp;&nbsp;Power_Control_Process
<LI><a href="#[13c]">&gt;&gt;</a>&nbsp;&nbsp;&nbsp;SM_Get_MeasuredVoltage
</UL>

<P><STRONG><a name="[a9]"></a>HAL_ADCEx_Calibration_Start</STRONG> (Thumb, 156 bytes, Stack size 24 bytes, stm32f3xx_hal_adc_ex.o(i.HAL_ADCEx_Calibration_Start))
<BR><BR>[Stack]<UL><LI>Max Depth = 40<LI>Call Chain = HAL_ADCEx_Calibration_Start &rArr; ADC_Disable
</UL>
<BR>[Calls]<UL><LI><a href="#[14]">&gt;&gt;</a>&nbsp;&nbsp;&nbsp;HAL_GetTick
<LI><a href="#[a6]">&gt;&gt;</a>&nbsp;&nbsp;&nbsp;ADC_Disable
</UL>
<BR>[Called By]<UL><LI><a href="#[a8]">&gt;&gt;</a>&nbsp;&nbsp;&nbsp;BSP_ADC_Init
</UL>

<P><STRONG><a name="[11d]"></a>HAL_ADCEx_MultiModeConfigChannel</STRONG> (Thumb, 226 bytes, Stack size 96 bytes, stm32f3xx_hal_adc_ex.o(i.HAL_ADCEx_MultiModeConfigChannel))
<BR><BR>[Stack]<UL><LI>Max Depth = 96<LI>Call Chain = HAL_ADCEx_MultiModeConfigChannel
</UL>
<BR>[Called By]<UL><LI><a href="#[11c]">&gt;&gt;</a>&nbsp;&nbsp;&nbsp;MX_ADC1_Init
</UL>

<P><STRONG><a name="[11e]"></a>HAL_ADC_ConfigChannel</STRONG> (Thumb, 808 bytes, Stack size 108 bytes, stm32f3xx_hal_adc_ex.o(i.HAL_ADC_ConfigChannel))
<BR><BR>[Stack]<UL><LI>Max Depth = 108<LI>Call Chain = HAL_ADC_ConfigChannel
</UL>
<BR>[Called By]<UL><LI><a href="#[11f]">&gt;&gt;</a>&nbsp;&nbsp;&nbsp;MX_ADC2_Init
<LI><a href="#[11c]">&gt;&gt;</a>&nbsp;&nbsp;&nbsp;MX_ADC1_Init
</UL>

<P><STRONG><a name="[a3]"></a>HAL_ADC_ConvCpltCallback</STRONG> (Thumb, 24 bytes, Stack size 8 bytes, stm32f3xx_it.o(i.HAL_ADC_ConvCpltCallback))
<BR><BR>[Stack]<UL><LI>Max Depth = 72<LI>Call Chain = HAL_ADC_ConvCpltCallback &rArr; Power_Control_Process &rArr; BSP_HRTIM_UpdateDutySymmetric
</UL>
<BR>[Calls]<UL><LI><a href="#[7d]">&gt;&gt;</a>&nbsp;&nbsp;&nbsp;Power_Control_Process
<LI><a href="#[bd]">&gt;&gt;</a>&nbsp;&nbsp;&nbsp;BSP_ADC_Process
</UL>
<BR>[Called By]<UL><LI><a href="#[55]">&gt;&gt;</a>&nbsp;&nbsp;&nbsp;ADC_DMAConvCplt
</UL>

<P><STRONG><a name="[a5]"></a>HAL_ADC_ConvHalfCpltCallback</STRONG> (Thumb, 2 bytes, Stack size 0 bytes, stm32f3xx_hal_adc.o(i.HAL_ADC_ConvHalfCpltCallback))
<BR><BR>[Called By]<UL><LI><a href="#[56]">&gt;&gt;</a>&nbsp;&nbsp;&nbsp;ADC_DMAHalfConvCplt
</UL>

<P><STRONG><a name="[a4]"></a>HAL_ADC_ErrorCallback</STRONG> (Thumb, 2 bytes, Stack size 0 bytes, stm32f3xx_hal_adc.o(i.HAL_ADC_ErrorCallback))
<BR><BR>[Called By]<UL><LI><a href="#[57]">&gt;&gt;</a>&nbsp;&nbsp;&nbsp;ADC_DMAError
</UL>

<P><STRONG><a name="[be]"></a>HAL_ADC_Init</STRONG> (Thumb, 482 bytes, Stack size 104 bytes, stm32f3xx_hal_adc_ex.o(i.HAL_ADC_Init))
<BR><BR>[Stack]<UL><LI>Max Depth = 208<LI>Call Chain = HAL_ADC_Init &rArr; HAL_ADC_MspInit &rArr; HAL_GPIO_Init
</UL>
<BR>[Calls]<UL><LI><a href="#[bf]">&gt;&gt;</a>&nbsp;&nbsp;&nbsp;HAL_ADC_MspInit
<LI><a href="#[a6]">&gt;&gt;</a>&nbsp;&nbsp;&nbsp;ADC_Disable
</UL>
<BR>[Called By]<UL><LI><a href="#[11f]">&gt;&gt;</a>&nbsp;&nbsp;&nbsp;MX_ADC2_Init
<LI><a href="#[11c]">&gt;&gt;</a>&nbsp;&nbsp;&nbsp;MX_ADC1_Init
</UL>

<P><STRONG><a name="[bf]"></a>HAL_ADC_MspInit</STRONG> (Thumb, 278 bytes, Stack size 64 bytes, adc.o(i.HAL_ADC_MspInit))
<BR><BR>[Stack]<UL><LI>Max Depth = 104<LI>Call Chain = HAL_ADC_MspInit &rArr; HAL_GPIO_Init
</UL>
<BR>[Calls]<UL><LI><a href="#[c2]">&gt;&gt;</a>&nbsp;&nbsp;&nbsp;HAL_DMA_Init
<LI><a href="#[c1]">&gt;&gt;</a>&nbsp;&nbsp;&nbsp;HAL_GPIO_Init
<LI><a href="#[c3]">&gt;&gt;</a>&nbsp;&nbsp;&nbsp;Error_Handler
<LI><a href="#[c0]">&gt;&gt;</a>&nbsp;&nbsp;&nbsp;__aeabi_memclr4
</UL>
<BR>[Called By]<UL><LI><a href="#[be]">&gt;&gt;</a>&nbsp;&nbsp;&nbsp;HAL_ADC_Init
</UL>

<P><STRONG><a name="[aa]"></a>HAL_ADC_Start_DMA</STRONG> (Thumb, 272 bytes, Stack size 32 bytes, stm32f3xx_hal_adc_ex.o(i.HAL_ADC_Start_DMA))
<BR><BR>[Stack]<UL><LI>Max Depth = 60<LI>Call Chain = HAL_ADC_Start_DMA &rArr; HAL_DMA_Start_IT &rArr; DMA_SetConfig
</UL>
<BR>[Calls]<UL><LI><a href="#[c4]">&gt;&gt;</a>&nbsp;&nbsp;&nbsp;HAL_DMA_Start_IT
<LI><a href="#[a7]">&gt;&gt;</a>&nbsp;&nbsp;&nbsp;ADC_Enable
</UL>
<BR>[Called By]<UL><LI><a href="#[a8]">&gt;&gt;</a>&nbsp;&nbsp;&nbsp;BSP_ADC_Init
</UL>

<P><STRONG><a name="[ba]"></a>HAL_DMA_IRQHandler</STRONG> (Thumb, 186 bytes, Stack size 16 bytes, stm32f3xx_hal_dma.o(i.HAL_DMA_IRQHandler))
<BR><BR>[Stack]<UL><LI>Max Depth = 16<LI>Call Chain = HAL_DMA_IRQHandler
</UL>
<BR>[Called By]<UL><LI><a href="#[2b]">&gt;&gt;</a>&nbsp;&nbsp;&nbsp;DMA1_Channel2_IRQHandler
<LI><a href="#[2a]">&gt;&gt;</a>&nbsp;&nbsp;&nbsp;DMA1_Channel1_IRQHandler
</UL>

<P><STRONG><a name="[c2]"></a>HAL_DMA_Init</STRONG> (Thumb, 78 bytes, Stack size 16 bytes, stm32f3xx_hal_dma.o(i.HAL_DMA_Init))
<BR><BR>[Stack]<UL><LI>Max Depth = 16<LI>Call Chain = HAL_DMA_Init
</UL>
<BR>[Calls]<UL><LI><a href="#[c5]">&gt;&gt;</a>&nbsp;&nbsp;&nbsp;DMA_CalcBaseAndBitshift
</UL>
<BR>[Called By]<UL><LI><a href="#[bf]">&gt;&gt;</a>&nbsp;&nbsp;&nbsp;HAL_ADC_MspInit
</UL>

<P><STRONG><a name="[c4]"></a>HAL_DMA_Start_IT</STRONG> (Thumb, 116 bytes, Stack size 16 bytes, stm32f3xx_hal_dma.o(i.HAL_DMA_Start_IT))
<BR><BR>[Stack]<UL><LI>Max Depth = 28<LI>Call Chain = HAL_DMA_Start_IT &rArr; DMA_SetConfig
</UL>
<BR>[Calls]<UL><LI><a href="#[c6]">&gt;&gt;</a>&nbsp;&nbsp;&nbsp;DMA_SetConfig
</UL>
<BR>[Called By]<UL><LI><a href="#[aa]">&gt;&gt;</a>&nbsp;&nbsp;&nbsp;HAL_ADC_Start_DMA
</UL>

<P><STRONG><a name="[c7]"></a>HAL_Delay</STRONG> (Thumb, 32 bytes, Stack size 16 bytes, stm32f3xx_hal.o(i.HAL_Delay))
<BR><BR>[Stack]<UL><LI>Max Depth = 16<LI>Call Chain = HAL_Delay
</UL>
<BR>[Calls]<UL><LI><a href="#[14]">&gt;&gt;</a>&nbsp;&nbsp;&nbsp;HAL_GetTick
</UL>
<BR>[Called By]<UL><LI><a href="#[123]">&gt;&gt;</a>&nbsp;&nbsp;&nbsp;MX_HRTIM1_Init
</UL>

<P><STRONG><a name="[c1]"></a>HAL_GPIO_Init</STRONG> (Thumb, 380 bytes, Stack size 40 bytes, stm32f3xx_hal_gpio.o(i.HAL_GPIO_Init))
<BR><BR>[Stack]<UL><LI>Max Depth = 40<LI>Call Chain = HAL_GPIO_Init
</UL>
<BR>[Called By]<UL><LI><a href="#[f6]">&gt;&gt;</a>&nbsp;&nbsp;&nbsp;HAL_TIM_MspPostInit
<LI><a href="#[d0]">&gt;&gt;</a>&nbsp;&nbsp;&nbsp;HAL_HRTIM_MspPostInit
<LI><a href="#[bf]">&gt;&gt;</a>&nbsp;&nbsp;&nbsp;HAL_ADC_MspInit
<LI><a href="#[121]">&gt;&gt;</a>&nbsp;&nbsp;&nbsp;MX_GPIO_Init
</UL>

<P><STRONG><a name="[17b]"></a>HAL_GPIO_ReadPin</STRONG> (Thumb, 14 bytes, Stack size 0 bytes, stm32f3xx_hal_gpio.o(i.HAL_GPIO_ReadPin))
<BR><BR>[Called By]<UL><LI><a href="#[5e]">&gt;&gt;</a>&nbsp;&nbsp;&nbsp;stm32_gpio_read
</UL>

<P><STRONG><a name="[17c]"></a>HAL_GPIO_TogglePin</STRONG> (Thumb, 16 bytes, Stack size 0 bytes, stm32f3xx_hal_gpio.o(i.HAL_GPIO_TogglePin))
<BR><BR>[Called By]<UL><LI><a href="#[5f]">&gt;&gt;</a>&nbsp;&nbsp;&nbsp;stm32_gpio_toggle
</UL>

<P><STRONG><a name="[122]"></a>HAL_GPIO_WritePin</STRONG> (Thumb, 12 bytes, Stack size 0 bytes, stm32f3xx_hal_gpio.o(i.HAL_GPIO_WritePin))
<BR><BR>[Called By]<UL><LI><a href="#[121]">&gt;&gt;</a>&nbsp;&nbsp;&nbsp;MX_GPIO_Init
<LI><a href="#[5d]">&gt;&gt;</a>&nbsp;&nbsp;&nbsp;stm32_gpio_write
</UL>

<P><STRONG><a name="[14]"></a>HAL_GetTick</STRONG> (Thumb, 6 bytes, Stack size 0 bytes, stm32f3xx_hal.o(i.HAL_GetTick))
<BR><BR>[Called By]<UL><LI><a href="#[c7]">&gt;&gt;</a>&nbsp;&nbsp;&nbsp;HAL_Delay
<LI><a href="#[e4]">&gt;&gt;</a>&nbsp;&nbsp;&nbsp;HAL_RCC_OscConfig
<LI><a href="#[e1]">&gt;&gt;</a>&nbsp;&nbsp;&nbsp;HAL_RCC_ClockConfig
<LI><a href="#[e0]">&gt;&gt;</a>&nbsp;&nbsp;&nbsp;HAL_RCCEx_PeriphCLKConfig
<LI><a href="#[a9]">&gt;&gt;</a>&nbsp;&nbsp;&nbsp;HAL_ADCEx_Calibration_Start
<LI><a href="#[a7]">&gt;&gt;</a>&nbsp;&nbsp;&nbsp;ADC_Enable
<LI><a href="#[a6]">&gt;&gt;</a>&nbsp;&nbsp;&nbsp;ADC_Disable
</UL>
<BR>[Address Reference Count : 1]<UL><LI> bsp_hrtim.o(.data)
</UL>
<P><STRONG><a name="[125]"></a>HAL_HRTIM_ADCTriggerConfig</STRONG> (Thumb, 194 bytes, Stack size 20 bytes, stm32f3xx_hal_hrtim.o(i.HAL_HRTIM_ADCTriggerConfig))
<BR><BR>[Stack]<UL><LI>Max Depth = 20<LI>Call Chain = HAL_HRTIM_ADCTriggerConfig
</UL>
<BR>[Called By]<UL><LI><a href="#[123]">&gt;&gt;</a>&nbsp;&nbsp;&nbsp;MX_HRTIM1_Init
</UL>

<P><STRONG><a name="[108]"></a>HAL_HRTIM_BurstModePeriodCallback</STRONG> (Thumb, 2 bytes, Stack size 0 bytes, stm32f3xx_hal_hrtim.o(i.HAL_HRTIM_BurstModePeriodCallback))
<BR><BR>[Called By]<UL><LI><a href="#[cb]">&gt;&gt;</a>&nbsp;&nbsp;&nbsp;HRTIM_Master_ISR
</UL>

<P><STRONG><a name="[110]"></a>HAL_HRTIM_Capture1EventCallback</STRONG> (Thumb, 2 bytes, Stack size 0 bytes, stm32f3xx_hal_hrtim.o(i.HAL_HRTIM_Capture1EventCallback))
<BR><BR>[Called By]<UL><LI><a href="#[c9]">&gt;&gt;</a>&nbsp;&nbsp;&nbsp;HRTIM_Timer_ISR
</UL>

<P><STRONG><a name="[111]"></a>HAL_HRTIM_Capture2EventCallback</STRONG> (Thumb, 2 bytes, Stack size 0 bytes, stm32f3xx_hal_hrtim.o(i.HAL_HRTIM_Capture2EventCallback))
<BR><BR>[Called By]<UL><LI><a href="#[c9]">&gt;&gt;</a>&nbsp;&nbsp;&nbsp;HRTIM_Timer_ISR
</UL>

<P><STRONG><a name="[109]"></a>HAL_HRTIM_Compare1EventCallback</STRONG> (Thumb, 2 bytes, Stack size 0 bytes, stm32f3xx_hal_hrtim.o(i.HAL_HRTIM_Compare1EventCallback))
<BR><BR>[Called By]<UL><LI><a href="#[c9]">&gt;&gt;</a>&nbsp;&nbsp;&nbsp;HRTIM_Timer_ISR
<LI><a href="#[cb]">&gt;&gt;</a>&nbsp;&nbsp;&nbsp;HRTIM_Master_ISR
</UL>

<P><STRONG><a name="[10a]"></a>HAL_HRTIM_Compare2EventCallback</STRONG> (Thumb, 2 bytes, Stack size 0 bytes, stm32f3xx_hal_hrtim.o(i.HAL_HRTIM_Compare2EventCallback))
<BR><BR>[Called By]<UL><LI><a href="#[c9]">&gt;&gt;</a>&nbsp;&nbsp;&nbsp;HRTIM_Timer_ISR
<LI><a href="#[cb]">&gt;&gt;</a>&nbsp;&nbsp;&nbsp;HRTIM_Master_ISR
</UL>

<P><STRONG><a name="[10b]"></a>HAL_HRTIM_Compare3EventCallback</STRONG> (Thumb, 2 bytes, Stack size 0 bytes, stm32f3xx_hal_hrtim.o(i.HAL_HRTIM_Compare3EventCallback))
<BR><BR>[Called By]<UL><LI><a href="#[c9]">&gt;&gt;</a>&nbsp;&nbsp;&nbsp;HRTIM_Timer_ISR
<LI><a href="#[cb]">&gt;&gt;</a>&nbsp;&nbsp;&nbsp;HRTIM_Master_ISR
</UL>

<P><STRONG><a name="[10c]"></a>HAL_HRTIM_Compare4EventCallback</STRONG> (Thumb, 2 bytes, Stack size 0 bytes, stm32f3xx_hal_hrtim.o(i.HAL_HRTIM_Compare4EventCallback))
<BR><BR>[Called By]<UL><LI><a href="#[c9]">&gt;&gt;</a>&nbsp;&nbsp;&nbsp;HRTIM_Timer_ISR
<LI><a href="#[cb]">&gt;&gt;</a>&nbsp;&nbsp;&nbsp;HRTIM_Master_ISR
</UL>

<P><STRONG><a name="[116]"></a>HAL_HRTIM_CounterResetCallback</STRONG> (Thumb, 2 bytes, Stack size 0 bytes, stm32f3xx_hal_hrtim.o(i.HAL_HRTIM_CounterResetCallback))
<BR><BR>[Called By]<UL><LI><a href="#[c9]">&gt;&gt;</a>&nbsp;&nbsp;&nbsp;HRTIM_Timer_ISR
</UL>

<P><STRONG><a name="[107]"></a>HAL_HRTIM_DLLCalibrationReadyCallback</STRONG> (Thumb, 2 bytes, Stack size 0 bytes, stm32f3xx_hal_hrtim.o(i.HAL_HRTIM_DLLCalibrationReadyCallback))
<BR><BR>[Called By]<UL><LI><a href="#[cb]">&gt;&gt;</a>&nbsp;&nbsp;&nbsp;HRTIM_Master_ISR
</UL>

<P><STRONG><a name="[124]"></a>HAL_HRTIM_DLLCalibrationStart_IT</STRONG> (Thumb, 126 bytes, Stack size 8 bytes, stm32f3xx_hal_hrtim.o(i.HAL_HRTIM_DLLCalibrationStart_IT))
<BR><BR>[Stack]<UL><LI>Max Depth = 8<LI>Call Chain = HAL_HRTIM_DLLCalibrationStart_IT
</UL>
<BR>[Called By]<UL><LI><a href="#[123]">&gt;&gt;</a>&nbsp;&nbsp;&nbsp;MX_HRTIM1_Init
</UL>

<P><STRONG><a name="[127]"></a>HAL_HRTIM_DeadTimeConfig</STRONG> (Thumb, 140 bytes, Stack size 16 bytes, stm32f3xx_hal_hrtim.o(i.HAL_HRTIM_DeadTimeConfig))
<BR><BR>[Stack]<UL><LI>Max Depth = 16<LI>Call Chain = HAL_HRTIM_DeadTimeConfig
</UL>
<BR>[Called By]<UL><LI><a href="#[123]">&gt;&gt;</a>&nbsp;&nbsp;&nbsp;MX_HRTIM1_Init
</UL>

<P><STRONG><a name="[117]"></a>HAL_HRTIM_DelayedProtectionCallback</STRONG> (Thumb, 2 bytes, Stack size 0 bytes, stm32f3xx_hal_hrtim.o(i.HAL_HRTIM_DelayedProtectionCallback))
<BR><BR>[Called By]<UL><LI><a href="#[c9]">&gt;&gt;</a>&nbsp;&nbsp;&nbsp;HRTIM_Timer_ISR
</UL>

<P><STRONG><a name="[101]"></a>HAL_HRTIM_Fault1Callback</STRONG> (Thumb, 2 bytes, Stack size 0 bytes, stm32f3xx_hal_hrtim.o(i.HAL_HRTIM_Fault1Callback))
<BR><BR>[Called By]<UL><LI><a href="#[ca]">&gt;&gt;</a>&nbsp;&nbsp;&nbsp;HRTIM_HRTIM_ISR
</UL>

<P><STRONG><a name="[102]"></a>HAL_HRTIM_Fault2Callback</STRONG> (Thumb, 2 bytes, Stack size 0 bytes, stm32f3xx_hal_hrtim.o(i.HAL_HRTIM_Fault2Callback))
<BR><BR>[Called By]<UL><LI><a href="#[ca]">&gt;&gt;</a>&nbsp;&nbsp;&nbsp;HRTIM_HRTIM_ISR
</UL>

<P><STRONG><a name="[103]"></a>HAL_HRTIM_Fault3Callback</STRONG> (Thumb, 2 bytes, Stack size 0 bytes, stm32f3xx_hal_hrtim.o(i.HAL_HRTIM_Fault3Callback))
<BR><BR>[Called By]<UL><LI><a href="#[ca]">&gt;&gt;</a>&nbsp;&nbsp;&nbsp;HRTIM_HRTIM_ISR
</UL>

<P><STRONG><a name="[104]"></a>HAL_HRTIM_Fault4Callback</STRONG> (Thumb, 2 bytes, Stack size 0 bytes, stm32f3xx_hal_hrtim.o(i.HAL_HRTIM_Fault4Callback))
<BR><BR>[Called By]<UL><LI><a href="#[ca]">&gt;&gt;</a>&nbsp;&nbsp;&nbsp;HRTIM_HRTIM_ISR
</UL>

<P><STRONG><a name="[105]"></a>HAL_HRTIM_Fault5Callback</STRONG> (Thumb, 2 bytes, Stack size 0 bytes, stm32f3xx_hal_hrtim.o(i.HAL_HRTIM_Fault5Callback))
<BR><BR>[Called By]<UL><LI><a href="#[ca]">&gt;&gt;</a>&nbsp;&nbsp;&nbsp;HRTIM_HRTIM_ISR
</UL>

<P><STRONG><a name="[c8]"></a>HAL_HRTIM_IRQHandler</STRONG> (Thumb, 20 bytes, Stack size 0 bytes, stm32f3xx_hal_hrtim.o(i.HAL_HRTIM_IRQHandler))
<BR><BR>[Stack]<UL><LI>Max Depth = 32<LI>Call Chain = HAL_HRTIM_IRQHandler &rArr; HRTIM_Master_ISR
</UL>
<BR>[Calls]<UL><LI><a href="#[c9]">&gt;&gt;</a>&nbsp;&nbsp;&nbsp;HRTIM_Timer_ISR
<LI><a href="#[cb]">&gt;&gt;</a>&nbsp;&nbsp;&nbsp;HRTIM_Master_ISR
<LI><a href="#[ca]">&gt;&gt;</a>&nbsp;&nbsp;&nbsp;HRTIM_HRTIM_ISR
</UL>
<BR>[Called By]<UL><LI><a href="#[4b]">&gt;&gt;</a>&nbsp;&nbsp;&nbsp;HRTIM1_TIMB_IRQHandler
<LI><a href="#[4a]">&gt;&gt;</a>&nbsp;&nbsp;&nbsp;HRTIM1_TIMA_IRQHandler
<LI><a href="#[49]">&gt;&gt;</a>&nbsp;&nbsp;&nbsp;HRTIM1_Master_IRQHandler
<LI><a href="#[4f]">&gt;&gt;</a>&nbsp;&nbsp;&nbsp;HRTIM1_FLT_IRQHandler
</UL>

<P><STRONG><a name="[cc]"></a>HAL_HRTIM_Init</STRONG> (Thumb, 172 bytes, Stack size 16 bytes, stm32f3xx_hal_hrtim.o(i.HAL_HRTIM_Init))
<BR><BR>[Stack]<UL><LI>Max Depth = 40<LI>Call Chain = HAL_HRTIM_Init &rArr; HAL_HRTIM_MspInit &rArr; HAL_NVIC_SetPriority
</UL>
<BR>[Calls]<UL><LI><a href="#[cd]">&gt;&gt;</a>&nbsp;&nbsp;&nbsp;HAL_HRTIM_MspInit
</UL>
<BR>[Called By]<UL><LI><a href="#[123]">&gt;&gt;</a>&nbsp;&nbsp;&nbsp;MX_HRTIM1_Init
</UL>

<P><STRONG><a name="[cd]"></a>HAL_HRTIM_MspInit</STRONG> (Thumb, 98 bytes, Stack size 8 bytes, hrtim.o(i.HAL_HRTIM_MspInit))
<BR><BR>[Stack]<UL><LI>Max Depth = 24<LI>Call Chain = HAL_HRTIM_MspInit &rArr; HAL_NVIC_SetPriority
</UL>
<BR>[Calls]<UL><LI><a href="#[ce]">&gt;&gt;</a>&nbsp;&nbsp;&nbsp;HAL_NVIC_SetPriority
<LI><a href="#[cf]">&gt;&gt;</a>&nbsp;&nbsp;&nbsp;HAL_NVIC_EnableIRQ
</UL>
<BR>[Called By]<UL><LI><a href="#[cc]">&gt;&gt;</a>&nbsp;&nbsp;&nbsp;HAL_HRTIM_Init
</UL>

<P><STRONG><a name="[d0]"></a>HAL_HRTIM_MspPostInit</STRONG> (Thumb, 76 bytes, Stack size 32 bytes, hrtim.o(i.HAL_HRTIM_MspPostInit))
<BR><BR>[Stack]<UL><LI>Max Depth = 72<LI>Call Chain = HAL_HRTIM_MspPostInit &rArr; HAL_GPIO_Init
</UL>
<BR>[Calls]<UL><LI><a href="#[c1]">&gt;&gt;</a>&nbsp;&nbsp;&nbsp;HAL_GPIO_Init
<LI><a href="#[c0]">&gt;&gt;</a>&nbsp;&nbsp;&nbsp;__aeabi_memclr4
</UL>
<BR>[Called By]<UL><LI><a href="#[123]">&gt;&gt;</a>&nbsp;&nbsp;&nbsp;MX_HRTIM1_Init
</UL>

<P><STRONG><a name="[113]"></a>HAL_HRTIM_Output1ResetCallback</STRONG> (Thumb, 2 bytes, Stack size 0 bytes, stm32f3xx_hal_hrtim.o(i.HAL_HRTIM_Output1ResetCallback))
<BR><BR>[Called By]<UL><LI><a href="#[c9]">&gt;&gt;</a>&nbsp;&nbsp;&nbsp;HRTIM_Timer_ISR
</UL>

<P><STRONG><a name="[112]"></a>HAL_HRTIM_Output1SetCallback</STRONG> (Thumb, 2 bytes, Stack size 0 bytes, stm32f3xx_hal_hrtim.o(i.HAL_HRTIM_Output1SetCallback))
<BR><BR>[Called By]<UL><LI><a href="#[c9]">&gt;&gt;</a>&nbsp;&nbsp;&nbsp;HRTIM_Timer_ISR
</UL>

<P><STRONG><a name="[115]"></a>HAL_HRTIM_Output2ResetCallback</STRONG> (Thumb, 2 bytes, Stack size 0 bytes, stm32f3xx_hal_hrtim.o(i.HAL_HRTIM_Output2ResetCallback))
<BR><BR>[Called By]<UL><LI><a href="#[c9]">&gt;&gt;</a>&nbsp;&nbsp;&nbsp;HRTIM_Timer_ISR
</UL>

<P><STRONG><a name="[114]"></a>HAL_HRTIM_Output2SetCallback</STRONG> (Thumb, 2 bytes, Stack size 0 bytes, stm32f3xx_hal_hrtim.o(i.HAL_HRTIM_Output2SetCallback))
<BR><BR>[Called By]<UL><LI><a href="#[c9]">&gt;&gt;</a>&nbsp;&nbsp;&nbsp;HRTIM_Timer_ISR
</UL>

<P><STRONG><a name="[10f]"></a>HAL_HRTIM_RegistersUpdateCallback</STRONG> (Thumb, 2 bytes, Stack size 0 bytes, stm32f3xx_hal_hrtim.o(i.HAL_HRTIM_RegistersUpdateCallback))
<BR><BR>[Called By]<UL><LI><a href="#[c9]">&gt;&gt;</a>&nbsp;&nbsp;&nbsp;HRTIM_Timer_ISR
<LI><a href="#[cb]">&gt;&gt;</a>&nbsp;&nbsp;&nbsp;HRTIM_Master_ISR
</UL>

<P><STRONG><a name="[10d]"></a>HAL_HRTIM_RepetitionEventCallback</STRONG> (Thumb, 2 bytes, Stack size 0 bytes, stm32f3xx_hal_hrtim.o(i.HAL_HRTIM_RepetitionEventCallback))
<BR><BR>[Called By]<UL><LI><a href="#[c9]">&gt;&gt;</a>&nbsp;&nbsp;&nbsp;HRTIM_Timer_ISR
<LI><a href="#[cb]">&gt;&gt;</a>&nbsp;&nbsp;&nbsp;HRTIM_Master_ISR
</UL>

<P><STRONG><a name="[10e]"></a>HAL_HRTIM_SynchronizationEventCallback</STRONG> (Thumb, 2 bytes, Stack size 0 bytes, stm32f3xx_hal_hrtim.o(i.HAL_HRTIM_SynchronizationEventCallback))
<BR><BR>[Called By]<UL><LI><a href="#[cb]">&gt;&gt;</a>&nbsp;&nbsp;&nbsp;HRTIM_Master_ISR
</UL>

<P><STRONG><a name="[106]"></a>HAL_HRTIM_SystemFaultCallback</STRONG> (Thumb, 2 bytes, Stack size 0 bytes, stm32f3xx_hal_hrtim.o(i.HAL_HRTIM_SystemFaultCallback))
<BR><BR>[Called By]<UL><LI><a href="#[ca]">&gt;&gt;</a>&nbsp;&nbsp;&nbsp;HRTIM_HRTIM_ISR
</UL>

<P><STRONG><a name="[d1]"></a>HAL_HRTIM_TimeBaseConfig</STRONG> (Thumb, 52 bytes, Stack size 8 bytes, stm32f3xx_hal_hrtim.o(i.HAL_HRTIM_TimeBaseConfig))
<BR><BR>[Stack]<UL><LI>Max Depth = 24<LI>Call Chain = HAL_HRTIM_TimeBaseConfig &rArr; HRTIM_TimingUnitBase_Config
</UL>
<BR>[Calls]<UL><LI><a href="#[d2]">&gt;&gt;</a>&nbsp;&nbsp;&nbsp;HRTIM_TimingUnitBase_Config
<LI><a href="#[d3]">&gt;&gt;</a>&nbsp;&nbsp;&nbsp;HRTIM_MasterBase_Config
</UL>
<BR>[Called By]<UL><LI><a href="#[123]">&gt;&gt;</a>&nbsp;&nbsp;&nbsp;MX_HRTIM1_Init
</UL>

<P><STRONG><a name="[126]"></a>HAL_HRTIM_WaveformCompareConfig</STRONG> (Thumb, 386 bytes, Stack size 36 bytes, stm32f3xx_hal_hrtim.o(i.HAL_HRTIM_WaveformCompareConfig))
<BR><BR>[Stack]<UL><LI>Max Depth = 36<LI>Call Chain = HAL_HRTIM_WaveformCompareConfig
</UL>
<BR>[Called By]<UL><LI><a href="#[123]">&gt;&gt;</a>&nbsp;&nbsp;&nbsp;MX_HRTIM1_Init
</UL>

<P><STRONG><a name="[b1]"></a>HAL_HRTIM_WaveformCountStart</STRONG> (Thumb, 44 bytes, Stack size 8 bytes, stm32f3xx_hal_hrtim.o(i.HAL_HRTIM_WaveformCountStart))
<BR><BR>[Stack]<UL><LI>Max Depth = 8<LI>Call Chain = HAL_HRTIM_WaveformCountStart
</UL>
<BR>[Called By]<UL><LI><a href="#[af]">&gt;&gt;</a>&nbsp;&nbsp;&nbsp;BSP_HRTIM_Init
</UL>

<P><STRONG><a name="[d4]"></a>HAL_HRTIM_WaveformOutputConfig</STRONG> (Thumb, 56 bytes, Stack size 16 bytes, stm32f3xx_hal_hrtim.o(i.HAL_HRTIM_WaveformOutputConfig))
<BR><BR>[Stack]<UL><LI>Max Depth = 40<LI>Call Chain = HAL_HRTIM_WaveformOutputConfig &rArr; HRTIM_OutputConfig
</UL>
<BR>[Calls]<UL><LI><a href="#[d5]">&gt;&gt;</a>&nbsp;&nbsp;&nbsp;HRTIM_OutputConfig
</UL>
[...]
<BR><BR>[Stack]<UL><LI>Max Depth = 184<LI>Call Chain = UI_DrawFocus &rArr; TFTGFX_DrawRect &rArr; TFTGFX_DrawLine &rArr; TFTGFX_DrawHLineClipped &rArr; TFT_FillRect &rArr; TFT_SetAddressWindow &rArr; TFT_WriteData8
</UL>
<BR>[Calls]<UL><LI><a href="#[152]">&gt;&gt;</a>&nbsp;&nbsp;&nbsp;TFTGFX_DrawRect
<LI><a href="#[15e]">&gt;&gt;</a>&nbsp;&nbsp;&nbsp;UI_GetFocusRect
</UL>
<BR>[Called By]<UL><LI><a href="#[147]">&gt;&gt;</a>&nbsp;&nbsp;&nbsp;UI_Display_Process
</UL>

<P><STRONG><a name="[172]"></a>UI_DrawFunctions</STRONG> (Thumb, 70 bytes, Stack size 24 bytes, ui_display.o(i.UI_DrawFunctions))
<BR><BR>[Stack]<UL><LI>Max Depth = 200<LI>Call Chain = UI_DrawFunctions &rArr; TFTGFX_DrawStringOpaque &rArr; TFTGFX_DrawCharOpaque &rArr; TFTGFX_FillRect &rArr; TFT_FillRect &rArr; TFT_SetAddressWindow &rArr; TFT_WriteData8
</UL>
<BR>[Calls]<UL><LI><a href="#[154]">&gt;&gt;</a>&nbsp;&nbsp;&nbsp;TFTGFX_DrawStringOpaque
<LI><a href="#[170]">&gt;&gt;</a>&nbsp;&nbsp;&nbsp;UI_DrawChinese
</UL>
<BR>[Called By]<UL><LI><a href="#[162]">&gt;&gt;</a>&nbsp;&nbsp;&nbsp;UI_DrawStaticFrame
</UL>

<P><STRONG><a name="[16d]"></a>UI_DrawPower</STRONG> (Thumb, 82 bytes, Stack size 40 bytes, ui_display.o(i.UI_DrawPower))
<BR><BR>[Stack]<UL><LI>Max Depth = 216 + Unknown Stack Size
<LI>Call Chain = UI_DrawPower &rArr; TFTGFX_DrawStringOpaque &rArr; TFTGFX_DrawCharOpaque &rArr; TFTGFX_FillRect &rArr; TFT_FillRect &rArr; TFT_SetAddressWindow &rArr; TFT_WriteData8
</UL>
<BR>[Calls]<UL><LI><a href="#[154]">&gt;&gt;</a>&nbsp;&nbsp;&nbsp;TFTGFX_DrawStringOpaque
<LI><a href="#[173]">&gt;&gt;</a>&nbsp;&nbsp;&nbsp;__aeabi_f2d
<LI><a href="#[89]">&gt;&gt;</a>&nbsp;&nbsp;&nbsp;__2snprintf
</UL>
<BR>[Called By]<UL><LI><a href="#[147]">&gt;&gt;</a>&nbsp;&nbsp;&nbsp;UI_Display_Process
</UL>

<P><STRONG><a name="[174]"></a>UI_DrawProgressBar</STRONG> (Thumb, 140 bytes, Stack size 32 bytes, ui_display.o(i.UI_DrawProgressBar))
<BR><BR>[Stack]<UL><LI>Max Depth = 184<LI>Call Chain = UI_DrawProgressBar &rArr; TFTGFX_DrawRect &rArr; TFTGFX_DrawLine &rArr; TFTGFX_DrawHLineClipped &rArr; TFT_FillRect &rArr; TFT_SetAddressWindow &rArr; TFT_WriteData8
</UL>
<BR>[Calls]<UL><LI><a href="#[14b]">&gt;&gt;</a>&nbsp;&nbsp;&nbsp;TFTGFX_FillRect
<LI><a href="#[152]">&gt;&gt;</a>&nbsp;&nbsp;&nbsp;TFTGFX_DrawRect
</UL>
<BR>[Called By]<UL><LI><a href="#[16c]">&gt;&gt;</a>&nbsp;&nbsp;&nbsp;UI_DrawSettings
</UL>

<P><STRONG><a name="[175]"></a>UI_DrawQuickSetItem</STRONG> (Thumb, 144 bytes, Stack size 88 bytes, ui_display.o(i.UI_DrawQuickSetItem))
<BR><BR>[Stack]<UL><LI>Max Depth = 264 + Unknown Stack Size
<LI>Call Chain = UI_DrawQuickSetItem &rArr; TFTGFX_DrawStringOpaque &rArr; TFTGFX_DrawCharOpaque &rArr; TFTGFX_FillRect &rArr; TFT_FillRect &rArr; TFT_SetAddressWindow &rArr; TFT_WriteData8
</UL>
<BR>[Calls]<UL><LI><a href="#[14b]">&gt;&gt;</a>&nbsp;&nbsp;&nbsp;TFTGFX_FillRect
<LI><a href="#[154]">&gt;&gt;</a>&nbsp;&nbsp;&nbsp;TFTGFX_DrawStringOpaque
<LI><a href="#[13d]">&gt;&gt;</a>&nbsp;&nbsp;&nbsp;SM_Get_QuickSetPreset
<LI><a href="#[173]">&gt;&gt;</a>&nbsp;&nbsp;&nbsp;__aeabi_f2d
<LI><a href="#[89]">&gt;&gt;</a>&nbsp;&nbsp;&nbsp;__2snprintf
</UL>
<BR>[Called By]<UL><LI><a href="#[166]">&gt;&gt;</a>&nbsp;&nbsp;&nbsp;UI_DrawQuickSetMenu
</UL>

<P><STRONG><a name="[166]"></a>UI_DrawQuickSetMenu</STRONG> (Thumb, 248 bytes, Stack size 24 bytes, ui_display.o(i.UI_DrawQuickSetMenu))
<BR><BR>[Stack]<UL><LI>Max Depth = 288 + Unknown Stack Size
<LI>Call Chain = UI_DrawQuickSetMenu &rArr; UI_DrawQuickSetItem &rArr; TFTGFX_DrawStringOpaque &rArr; TFTGFX_DrawCharOpaque &rArr; TFTGFX_FillRect &rArr; TFT_FillRect &rArr; TFT_SetAddressWindow &rArr; TFT_WriteData8
</UL>
<BR>[Calls]<UL><LI><a href="#[15a]">&gt;&gt;</a>&nbsp;&nbsp;&nbsp;TFT_FillScreen
<LI><a href="#[176]">&gt;&gt;</a>&nbsp;&nbsp;&nbsp;SM_Get_QuickSetCursor
<LI><a href="#[177]">&gt;&gt;</a>&nbsp;&nbsp;&nbsp;SM_Get_ActivePresetIndex
<LI><a href="#[175]">&gt;&gt;</a>&nbsp;&nbsp;&nbsp;UI_DrawQuickSetItem
</UL>
<BR>[Called By]<UL><LI><a href="#[147]">&gt;&gt;</a>&nbsp;&nbsp;&nbsp;UI_Display_Process
</UL>

<P><STRONG><a name="[16b]"></a>UI_DrawRealtime</STRONG> (Thumb, 170 bytes, Stack size 56 bytes, ui_display.o(i.UI_DrawRealtime))
<BR><BR>[Stack]<UL><LI>Max Depth = 264 + Unknown Stack Size
<LI>Call Chain = UI_DrawRealtime &rArr; UI_DrawValueText &rArr; TFTGFX_DrawStringOpaque &rArr; TFTGFX_DrawCharOpaque &rArr; TFTGFX_FillRect &rArr; TFT_FillRect &rArr; TFT_SetAddressWindow &rArr; TFT_WriteData8
</UL>
<BR>[Calls]<UL><LI><a href="#[154]">&gt;&gt;</a>&nbsp;&nbsp;&nbsp;TFTGFX_DrawStringOpaque
<LI><a href="#[178]">&gt;&gt;</a>&nbsp;&nbsp;&nbsp;UI_DrawValueText
<LI><a href="#[173]">&gt;&gt;</a>&nbsp;&nbsp;&nbsp;__aeabi_f2d
<LI><a href="#[89]">&gt;&gt;</a>&nbsp;&nbsp;&nbsp;__2snprintf
</UL>
<BR>[Called By]<UL><LI><a href="#[147]">&gt;&gt;</a>&nbsp;&nbsp;&nbsp;UI_Display_Process
</UL>

<P><STRONG><a name="[16c]"></a>UI_DrawSettings</STRONG> (Thumb, 184 bytes, Stack size 48 bytes, ui_display.o(i.UI_DrawSettings))
<BR><BR>[Stack]<UL><LI>Max Depth = 256 + Unknown Stack Size
<LI>Call Chain = UI_DrawSettings &rArr; UI_DrawValueText &rArr; TFTGFX_DrawStringOpaque &rArr; TFTGFX_DrawCharOpaque &rArr; TFTGFX_FillRect &rArr; TFT_FillRect &rArr; TFT_SetAddressWindow &rArr; TFT_WriteData8
</UL>
<BR>[Calls]<UL><LI><a href="#[154]">&gt;&gt;</a>&nbsp;&nbsp;&nbsp;TFTGFX_DrawStringOpaque
<LI><a href="#[150]">&gt;&gt;</a>&nbsp;&nbsp;&nbsp;TFTGFX_DrawLine
<LI><a href="#[178]">&gt;&gt;</a>&nbsp;&nbsp;&nbsp;UI_DrawValueText
<LI><a href="#[174]">&gt;&gt;</a>&nbsp;&nbsp;&nbsp;UI_DrawProgressBar
<LI><a href="#[173]">&gt;&gt;</a>&nbsp;&nbsp;&nbsp;__aeabi_f2d
<LI><a href="#[89]">&gt;&gt;</a>&nbsp;&nbsp;&nbsp;__2snprintf
</UL>
<BR>[Called By]<UL><LI><a href="#[147]">&gt;&gt;</a>&nbsp;&nbsp;&nbsp;UI_Display_Process
</UL>

<P><STRONG><a name="[162]"></a>UI_DrawStaticFrame</STRONG> (Thumb, 188 bytes, Stack size 16 bytes, ui_display.o(i.UI_DrawStaticFrame))
<BR><BR>[Stack]<UL><LI>Max Depth = 216<LI>Call Chain = UI_DrawStaticFrame &rArr; UI_DrawFunctions &rArr; TFTGFX_DrawStringOpaque &rArr; TFTGFX_DrawCharOpaque &rArr; TFTGFX_FillRect &rArr; TFT_FillRect &rArr; TFT_SetAddressWindow &rArr; TFT_WriteData8
</UL>
<BR>[Calls]<UL><LI><a href="#[152]">&gt;&gt;</a>&nbsp;&nbsp;&nbsp;TFTGFX_DrawRect
<LI><a href="#[150]">&gt;&gt;</a>&nbsp;&nbsp;&nbsp;TFTGFX_DrawLine
<LI><a href="#[179]">&gt;&gt;</a>&nbsp;&nbsp;&nbsp;UI_DrawTitle
<LI><a href="#[172]">&gt;&gt;</a>&nbsp;&nbsp;&nbsp;UI_DrawFunctions
<LI><a href="#[161]">&gt;&gt;</a>&nbsp;&nbsp;&nbsp;UI_ClearScreen
</UL>
<BR>[Called By]<UL><LI><a href="#[147]">&gt;&gt;</a>&nbsp;&nbsp;&nbsp;UI_Display_Process
<LI><a href="#[146]">&gt;&gt;</a>&nbsp;&nbsp;&nbsp;UI_Display_Init
</UL>

<P><STRONG><a name="[163]"></a>UI_DrawStatus</STRONG> (Thumb, 108 bytes, Stack size 40 bytes, ui_display.o(i.UI_DrawStatus))
<BR><BR>[Stack]<UL><LI>Max Depth = 272 + Unknown Stack Size
<LI>Call Chain = UI_DrawStatus &rArr; UI_DrawCenteredAscii &rArr; TFTGFX_DrawStringOpaque &rArr; TFTGFX_DrawCharOpaque &rArr; TFTGFX_FillRect &rArr; TFT_FillRect &rArr; TFT_SetAddressWindow &rArr; TFT_WriteData8
</UL>
<BR>[Calls]<UL><LI><a href="#[16e]">&gt;&gt;</a>&nbsp;&nbsp;&nbsp;UI_DrawCenteredAscii
<LI><a href="#[89]">&gt;&gt;</a>&nbsp;&nbsp;&nbsp;__2snprintf
</UL>
<BR>[Called By]<UL><LI><a href="#[147]">&gt;&gt;</a>&nbsp;&nbsp;&nbsp;UI_Display_Process
<LI><a href="#[146]">&gt;&gt;</a>&nbsp;&nbsp;&nbsp;UI_Display_Init
</UL>

<P><STRONG><a name="[179]"></a>UI_DrawTitle</STRONG> (Thumb, 54 bytes, Stack size 8 bytes, ui_display.o(i.UI_DrawTitle))
<BR><BR>[Stack]<UL><LI>Max Depth = 184<LI>Call Chain = UI_DrawTitle &rArr; UI_DrawChinese &rArr; TFTGFX_DrawRect &rArr; TFTGFX_DrawLine &rArr; TFTGFX_DrawHLineClipped &rArr; TFT_FillRect &rArr; TFT_SetAddressWindow &rArr; TFT_WriteData8
</UL>
<BR>[Calls]<UL><LI><a href="#[14b]">&gt;&gt;</a>&nbsp;&nbsp;&nbsp;TFTGFX_FillRect
<LI><a href="#[153]">&gt;&gt;</a>&nbsp;&nbsp;&nbsp;TFTGFX_DrawString
<LI><a href="#[170]">&gt;&gt;</a>&nbsp;&nbsp;&nbsp;UI_DrawChinese
</UL>
<BR>[Called By]<UL><LI><a href="#[162]">&gt;&gt;</a>&nbsp;&nbsp;&nbsp;UI_DrawStaticFrame
</UL>

<P><STRONG><a name="[178]"></a>UI_DrawValueText</STRONG> (Thumb, 60 bytes, Stack size 32 bytes, ui_display.o(i.UI_DrawValueText))
<BR><BR>[Stack]<UL><LI>Max Depth = 208<LI>Call Chain = UI_DrawValueText &rArr; TFTGFX_DrawStringOpaque &rArr; TFTGFX_DrawCharOpaque &rArr; TFTGFX_FillRect &rArr; TFT_FillRect &rArr; TFT_SetAddressWindow &rArr; TFT_WriteData8
</UL>
<BR>[Calls]<UL><LI><a href="#[17a]">&gt;&gt;</a>&nbsp;&nbsp;&nbsp;TFTGFX_MeasureStringWidth
<LI><a href="#[154]">&gt;&gt;</a>&nbsp;&nbsp;&nbsp;TFTGFX_DrawStringOpaque
</UL>
<BR>[Called By]<UL><LI><a href="#[16c]">&gt;&gt;</a>&nbsp;&nbsp;&nbsp;UI_DrawSettings
<LI><a href="#[16b]">&gt;&gt;</a>&nbsp;&nbsp;&nbsp;UI_DrawRealtime
</UL>

<P><STRONG><a name="[16a]"></a>UI_FloatChanged</STRONG> (Thumb, 36 bytes, Stack size 0 bytes, ui_display.o(i.UI_FloatChanged))
<BR><BR>[Called By]<UL><LI><a href="#[147]">&gt;&gt;</a>&nbsp;&nbsp;&nbsp;UI_Display_Process
</UL>

<P><STRONG><a name="[15e]"></a>UI_GetFocusRect</STRONG> (Thumb, 100 bytes, Stack size 20 bytes, ui_display.o(i.UI_GetFocusRect))
<BR><BR>[Stack]<UL><LI>Max Depth = 20<LI>Call Chain = UI_GetFocusRect
</UL>
<BR>[Called By]<UL><LI><a href="#[16f]">&gt;&gt;</a>&nbsp;&nbsp;&nbsp;UI_DrawFocus
<LI><a href="#[15d]">&gt;&gt;</a>&nbsp;&nbsp;&nbsp;UI_ClearFocus
<LI><a href="#[147]">&gt;&gt;</a>&nbsp;&nbsp;&nbsp;UI_Display_Process
</UL>

<P><STRONG><a name="[15f]"></a>UI_RestoreFunctionFrame</STRONG> (Thumb, 76 bytes, Stack size 16 bytes, ui_display.o(i.UI_RestoreFunctionFrame))
<BR><BR>[Stack]<UL><LI>Max Depth = 136<LI>Call Chain = UI_RestoreFunctionFrame &rArr; TFTGFX_DrawLine &rArr; TFTGFX_DrawHLineClipped &rArr; TFT_FillRect &rArr; TFT_SetAddressWindow &rArr; TFT_WriteData8
</UL>
<BR>[Calls]<UL><LI><a href="#[150]">&gt;&gt;</a>&nbsp;&nbsp;&nbsp;TFTGFX_DrawLine
</UL>
<BR>[Called By]<UL><LI><a href="#[15d]">&gt;&gt;</a>&nbsp;&nbsp;&nbsp;UI_ClearFocus
</UL>

<P><STRONG><a name="[160]"></a>UI_RestoreSettingFrame</STRONG> (Thumb, 76 bytes, Stack size 16 bytes, ui_display.o(i.UI_RestoreSettingFrame))
<BR><BR>[Stack]<UL><LI>Max Depth = 136<LI>Call Chain = UI_RestoreSettingFrame &rArr; TFTGFX_DrawLine &rArr; TFTGFX_DrawHLineClipped &rArr; TFT_FillRect &rArr; TFT_SetAddressWindow &rArr; TFT_WriteData8
</UL>
<BR>[Calls]<UL><LI><a href="#[150]">&gt;&gt;</a>&nbsp;&nbsp;&nbsp;TFTGFX_DrawLine
</UL>
<BR>[Called By]<UL><LI><a href="#[15d]">&gt;&gt;</a>&nbsp;&nbsp;&nbsp;UI_ClearFocus
<LI><a href="#[147]">&gt;&gt;</a>&nbsp;&nbsp;&nbsp;UI_Display_Process
</UL>

<P><STRONG><a name="[134]"></a>SM_ApplyPowerShield</STRONG> (Thumb, 110 bytes, Stack size 8 bytes, state_machine.o(i.SM_ApplyPowerShield))
<BR><BR>[Stack]<UL><LI>Max Depth = 8<LI>Call Chain = SM_ApplyPowerShield
</UL>
<BR>[Calls]<UL><LI><a href="#[133]">&gt;&gt;</a>&nbsp;&nbsp;&nbsp;SM_ClampFloat
</UL>
<BR>[Called By]<UL><LI><a href="#[135]">&gt;&gt;</a>&nbsp;&nbsp;&nbsp;SM_ApplyQuickSet
<LI><a href="#[5b]">&gt;&gt;</a>&nbsp;&nbsp;&nbsp;SM_Action_Up
<LI><a href="#[5c]">&gt;&gt;</a>&nbsp;&nbsp;&nbsp;SM_Action_Down
</UL>

<P><STRONG><a name="[135]"></a>SM_ApplyQuickSet</STRONG> (Thumb, 56 bytes, Stack size 48 bytes, state_machine.o(i.SM_ApplyQuickSet))
<BR><BR>[Stack]<UL><LI>Max Depth = 56<LI>Call Chain = SM_ApplyQuickSet &rArr; SM_ApplyPowerShield
</UL>
<BR>[Calls]<UL><LI><a href="#[134]">&gt;&gt;</a>&nbsp;&nbsp;&nbsp;SM_ApplyPowerShield
<LI><a href="#[138]">&gt;&gt;</a>&nbsp;&nbsp;&nbsp;__aeabi_memcpy4
</UL>
<BR>[Called By]<UL><LI><a href="#[58]">&gt;&gt;</a>&nbsp;&nbsp;&nbsp;SM_Action_Enter
</UL>

<P><STRONG><a name="[13e]"></a>SM_ChangeState</STRONG> (Thumb, 36 bytes, Stack size 16 bytes, state_machine.o(i.SM_ChangeState))
<BR><BR>[Stack]<UL><LI>Max Depth = 16<LI>Call Chain = SM_ChangeState
</UL>
<BR>[Called By]<UL><LI><a href="#[f]">&gt;&gt;</a>&nbsp;&nbsp;&nbsp;SoftStart_Run
<LI><a href="#[136]">&gt;&gt;</a>&nbsp;&nbsp;&nbsp;SM_ToggleOutput
<LI><a href="#[140]">&gt;&gt;</a>&nbsp;&nbsp;&nbsp;State_Machine_Init
</UL>

<P><STRONG><a name="[133]"></a>SM_ClampFloat</STRONG> (Thumb, 32 bytes, Stack size 0 bytes, state_machine.o(i.SM_ClampFloat))
<BR><BR>[Called By]<UL><LI><a href="#[134]">&gt;&gt;</a>&nbsp;&nbsp;&nbsp;SM_ApplyPowerShield
<LI><a href="#[5b]">&gt;&gt;</a>&nbsp;&nbsp;&nbsp;SM_Action_Up
<LI><a href="#[5c]">&gt;&gt;</a>&nbsp;&nbsp;&nbsp;SM_Action_Down
</UL>

<P><STRONG><a name="[132]"></a>SM_MoveFocus</STRONG> (Thumb, 28 bytes, Stack size 0 bytes, state_machine.o(i.SM_MoveFocus))
<BR><BR>[Called By]<UL><LI><a href="#[5b]">&gt;&gt;</a>&nbsp;&nbsp;&nbsp;SM_Action_Up
<LI><a href="#[5c]">&gt;&gt;</a>&nbsp;&nbsp;&nbsp;SM_Action_Down
</UL>

<P><STRONG><a name="[137]"></a>SM_SaveToFlash</STRONG> (Thumb, 2 bytes, Stack size 0 bytes, state_machine.o(i.SM_SaveToFlash))
<BR><BR>[Called By]<UL><LI><a href="#[59]">&gt;&gt;</a>&nbsp;&nbsp;&nbsp;SM_Action_Exit_Short
</UL>

<P><STRONG><a name="[136]"></a>SM_ToggleOutput</STRONG> (Thumb, 38 bytes, Stack size 0 bytes, state_machine.o(i.SM_ToggleOutput))
<BR><BR>[Stack]<UL><LI>Max Depth = 16<LI>Call Chain = SM_ToggleOutput &rArr; SM_ChangeState
</UL>
<BR>[Calls]<UL><LI><a href="#[13e]">&gt;&gt;</a>&nbsp;&nbsp;&nbsp;SM_ChangeState
</UL>
<BR>[Called By]<UL><LI><a href="#[58]">&gt;&gt;</a>&nbsp;&nbsp;&nbsp;SM_Action_Enter
</UL>

<P><STRONG><a name="[12f]"></a>PID_Init</STRONG> (Thumb, 34 bytes, Stack size 0 bytes, power_control.o(i.PID_Init))
<BR><BR>[Called By]<UL><LI><a href="#[12e]">&gt;&gt;</a>&nbsp;&nbsp;&nbsp;Power_Control_Init
</UL>

<P><STRONG><a name="[85]"></a>Power_Control_Clamp</STRONG> (Thumb, 32 bytes, Stack size 0 bytes, power_control.o(i.Power_Control_Clamp))
<BR><BR>[Called By]<UL><LI><a href="#[7d]">&gt;&gt;</a>&nbsp;&nbsp;&nbsp;Power_Control_Process
<LI><a href="#[88]">&gt;&gt;</a>&nbsp;&nbsp;&nbsp;Power_Control_DutyToTicks
</UL>

<P><STRONG><a name="[88]"></a>Power_Control_DutyToTicks</STRONG> (Thumb, 34 bytes, Stack size 8 bytes, power_control.o(i.Power_Control_DutyToTicks))
<BR><BR>[Stack]<UL><LI>Max Depth = 8<LI>Call Chain = Power_Control_DutyToTicks
</UL>
<BR>[Calls]<UL><LI><a href="#[85]">&gt;&gt;</a>&nbsp;&nbsp;&nbsp;Power_Control_Clamp
</UL>
<BR>[Called By]<UL><LI><a href="#[7d]">&gt;&gt;</a>&nbsp;&nbsp;&nbsp;Power_Control_Process
</UL>

<P><STRONG><a name="[130]"></a>Power_Control_ResetState</STRONG> (Thumb, 60 bytes, Stack size 0 bytes, power_control.o(i.Power_Control_ResetState))
<BR><BR>[Called By]<UL><LI><a href="#[12e]">&gt;&gt;</a>&nbsp;&nbsp;&nbsp;Power_Control_Init
</UL>

<P><STRONG><a name="[84]"></a>Power_Control_UpdateVoltageRamp</STRONG> (Thumb, 54 bytes, Stack size 0 bytes, power_control.o(i.Power_Control_UpdateVoltageRamp))
<BR><BR>[Called By]<UL><LI><a href="#[7d]">&gt;&gt;</a>&nbsp;&nbsp;&nbsp;Power_Control_Process
</UL>

<P><STRONG><a name="[155]"></a>TFT_ConfigureRegisters</STRONG> (Thumb, 374 bytes, Stack size 8 bytes, tft_driver.o(i.TFT_ConfigureRegisters))
<BR><BR>[Stack]<UL><LI>Max Depth = 24<LI>Call Chain = TFT_ConfigureRegisters &rArr; TFT_WriteData8
</UL>
<BR>[Calls]<UL><LI><a href="#[157]">&gt;&gt;</a>&nbsp;&nbsp;&nbsp;TFT_WriteData8
<LI><a href="#[156]">&gt;&gt;</a>&nbsp;&nbsp;&nbsp;TFT_WriteCommand
</UL>
<BR>[Called By]<UL><LI><a href="#[144]">&gt;&gt;</a>&nbsp;&nbsp;&nbsp;TFT_InitProcess
</UL>

<P><STRONG><a name="[159]"></a>TFT_WriteColorRepeat</STRONG> (Thumb, 78 bytes, Stack size 24 bytes, tft_driver.o(i.TFT_WriteColorRepeat))
<BR><BR>[Stack]<UL><LI>Max Depth = 24<LI>Call Chain = TFT_WriteColorRepeat
</UL>
<BR>[Calls]<UL><LI><a href="#[15b]">&gt;&gt;</a>&nbsp;&nbsp;&nbsp;BSP_LCD_GetOps
<LI><a href="#[15c]">&gt;&gt;</a>&nbsp;&nbsp;&nbsp;BSP_LCD_GetInterface
</UL>
<BR>[Called By]<UL><LI><a href="#[14f]">&gt;&gt;</a>&nbsp;&nbsp;&nbsp;TFT_FillRect
<LI><a href="#[14c]">&gt;&gt;</a>&nbsp;&nbsp;&nbsp;TFT_DrawPixel
</UL>

<P><STRONG><a name="[151]"></a>TFTGFX_Abs16</STRONG> (Thumb, 10 bytes, Stack size 0 bytes, tft_gfx.o(i.TFTGFX_Abs16))
<BR><BR>[Called By]<UL><LI><a href="#[150]">&gt;&gt;</a>&nbsp;&nbsp;&nbsp;TFTGFX_DrawLine
</UL>

<P><STRONG><a name="[14e]"></a>TFTGFX_DrawHLineClipped</STRONG> (Thumb, 64 bytes, Stack size 16 bytes, tft_gfx.o(i.TFTGFX_DrawHLineClipped))
<BR><BR>[Stack]<UL><LI>Max Depth = 72<LI>Call Chain = TFTGFX_DrawHLineClipped &rArr; TFT_FillRect &rArr; TFT_SetAddressWindow &rArr; TFT_WriteData8
</UL>
<BR>[Calls]<UL><LI><a href="#[14f]">&gt;&gt;</a>&nbsp;&nbsp;&nbsp;TFT_FillRect
</UL>
<BR>[Called By]<UL><LI><a href="#[150]">&gt;&gt;</a>&nbsp;&nbsp;&nbsp;TFTGFX_DrawLine
</UL>

<P><STRONG><a name="[5e]"></a>stm32_gpio_read</STRONG> (Thumb, 30 bytes, Stack size 8 bytes, bsp_gpio.o(i.stm32_gpio_read))
<BR><BR>[Stack]<UL><LI>Max Depth = 8<LI>Call Chain = stm32_gpio_read
</UL>
<BR>[Calls]<UL><LI><a href="#[17b]">&gt;&gt;</a>&nbsp;&nbsp;&nbsp;HAL_GPIO_ReadPin
</UL>
<BR>[Address Reference Count : 1]<UL><LI> bsp_gpio.o(.constdata)
</UL>
<P><STRONG><a name="[5f]"></a>stm32_gpio_toggle</STRONG> (Thumb, 16 bytes, Stack size 0 bytes, bsp_gpio.o(i.stm32_gpio_toggle))
<BR><BR>[Calls]<UL><LI><a href="#[17c]">&gt;&gt;</a>&nbsp;&nbsp;&nbsp;HAL_GPIO_TogglePin
</UL>
<BR>[Address Reference Count : 1]<UL><LI> bsp_gpio.o(.constdata)
</UL>
<P><STRONG><a name="[5d]"></a>stm32_gpio_write</STRONG> (Thumb, 28 bytes, Stack size 0 bytes, bsp_gpio.o(i.stm32_gpio_write))
<BR><BR>[Calls]<UL><LI><a href="#[122]">&gt;&gt;</a>&nbsp;&nbsp;&nbsp;HAL_GPIO_WritePin
</UL>
<BR>[Address Reference Count : 1]<UL><LI> bsp_gpio.o(.constdata)
</UL>
<P><STRONG><a name="[b2]"></a>BSP_HRTIM_ClampDuty</STRONG> (Thumb, 12 bytes, Stack size 0 bytes, bsp_hrtim.o(i.BSP_HRTIM_ClampDuty))
<BR><BR>[Called By]<UL><LI><a href="#[86]">&gt;&gt;</a>&nbsp;&nbsp;&nbsp;BSP_HRTIM_UpdateDutySymmetric
</UL>

<P><STRONG><a name="[63]"></a>LCD_GetTickMS</STRONG> (Thumb, 6 bytes, Stack size 0 bytes, bsp_lcd.o(i.LCD_GetTickMS))
<BR>[Address Reference Count : 1]<UL><LI> bsp_lcd.o(.constdata)
</UL>
<P><STRONG><a name="[60]"></a>LCD_Pin_Write</STRONG> (Thumb, 18 bytes, Stack size 0 bytes, bsp_lcd.o(i.LCD_Pin_Write))
<BR><BR>[Called By]<UL><LI><a href="#[61]">&gt;&gt;</a>&nbsp;&nbsp;&nbsp;LCD_SPI_WriteByte
</UL>
<BR>[Address Reference Count : 1]<UL><LI> bsp_lcd.o(.constdata)
</UL>
<P><STRONG><a name="[62]"></a>LCD_SPI_WriteBuffer</STRONG> (Thumb, 24 bytes, Stack size 16 bytes, bsp_lcd.o(i.LCD_SPI_WriteBuffer))
<BR><BR>[Stack]<UL><LI>Max Depth = 40<LI>Call Chain = LCD_SPI_WriteBuffer &rArr; LCD_SPI_WriteByte
</UL>
<BR>[Calls]<UL><LI><a href="#[61]">&gt;&gt;</a>&nbsp;&nbsp;&nbsp;LCD_SPI_WriteByte
</UL>
<BR>[Address Reference Count : 1]<UL><LI> bsp_lcd.o(.constdata)
</UL>
<P><STRONG><a name="[61]"></a>LCD_SPI_WriteByte</STRONG> (Thumb, 64 bytes, Stack size 24 bytes, bsp_lcd.o(i.LCD_SPI_WriteByte))
<BR><BR>[Stack]<UL><LI>Max Depth = 24<LI>Call Chain = LCD_SPI_WriteByte
</UL>
<BR>[Calls]<UL><LI><a href="#[60]">&gt;&gt;</a>&nbsp;&nbsp;&nbsp;LCD_Pin_Write
</UL>
<BR>[Called By]<UL><LI><a href="#[62]">&gt;&gt;</a>&nbsp;&nbsp;&nbsp;LCD_SPI_WriteBuffer
</UL>
<BR>[Address Reference Count : 1]<UL><LI> bsp_lcd.o(.constdata)
</UL>
<P><STRONG><a name="[92]"></a>_fp_digits</STRONG> (Thumb, 432 bytes, Stack size 96 bytes, _printf_fp_dec.o(.text))
<BR><BR>[Stack]<UL><LI>Max Depth = 220<LI>Call Chain = _fp_digits &rArr; _btod_etento &rArr; _btod_emul &rArr; _e2e
</UL>
<BR>[Calls]<UL><LI><a href="#[96]">&gt;&gt;</a>&nbsp;&nbsp;&nbsp;_btod_emul
<LI><a href="#[95]">&gt;&gt;</a>&nbsp;&nbsp;&nbsp;_btod_ediv
<LI><a href="#[94]">&gt;&gt;</a>&nbsp;&nbsp;&nbsp;_btod_d2e
<LI><a href="#[93]">&gt;&gt;</a>&nbsp;&nbsp;&nbsp;_btod_etento
<LI><a href="#[97]">&gt;&gt;</a>&nbsp;&nbsp;&nbsp;_ll_udiv10
</UL>
<BR>[Called By]<UL><LI><a href="#[98]">&gt;&gt;</a>&nbsp;&nbsp;&nbsp;_printf_fp_dec_real
</UL>

<P><STRONG><a name="[54]"></a>_printf_input_char</STRONG> (Thumb, 10 bytes, Stack size 0 bytes, _printf_char_common.o(.text))
<BR>[Address Reference Count : 1]<UL><LI> _printf_char_common.o(.text)
</UL><P>
<H3>
Undefined Global Symbols
</H3><HR></body></html>
