<html>
<body>
<pre>
<h1>µVision Build Log</h1>
<h2>Tool Versions:</h2>
IDE-Version: ¦ÌVision V5.38.0.0
Copyright (C) 2022 ARM Ltd and ARM Germany GmbH. All rights reserved.
License Information: 1 109277086@qq.com, 1, LIC=VGXG8-3XDAZ-UHJ8H-WCK1Y-YCSLF-2IJIG
 
Tool Versions:
Toolchain:       MDK-ARM Plus  Version: 5.34.0.0
Toolchain Path:  D:\ProgramFile\MDK\Core\ARM\ARMCC\Bin
C Compiler:      Armcc.exe V5.06 update 7 (build 960)
Assembler:       Armasm.exe V5.06 update 7 (build 960)
Linker/Locator:  ArmLink.exe V5.06 update 7 (build 960)
Library Manager: ArmAr.exe V5.06 update 7 (build 960)
Hex Converter:   FromElf.exe V5.06 update 7 (build 960)
CPU DLL:         SARMCM3.DLL V5.34.0.0
Dialog DLL:      DCM.DLL V1.17.3.0
Target DLL:      CMSIS_AGDI.dll V1.32.13.0
Dialog DLL:      TCM.DLL V1.48.0.0
 
<h2>Project:</h2>
D:\0_DIY\LC-Power-Supply\code\LC_Power\MDK-ARM\LC_Power.uvprojx
Project File Date:  04/20/2026

<h2>Output:</h2>
*** Using Compiler 'V5.06 update 7 (build 960)', folder: 'D:\ProgramFile\MDK\Core\ARM\ARMCC\Bin'
Build target 'LC_Power'
assembling startup_stm32f334x8.s...
compiling stm32f3xx_hal_spi.c...
compiling stm32f3xx_hal_rcc_ex.c...
compiling tim.c...
../Core/Inc/main.h(56): warning:  #1295-D: Deprecated declaration Hardware_Init - give arg types
  void Hardware_Init();
../Core/Inc/main.h(57): warning:  #1295-D: Deprecated declaration Power_Control_Init - give arg types
  void Power_Control_Init();
../Core/Inc/main.h(58): warning:  #1295-D: Deprecated declaration BSP_Init - give arg types
  void BSP_Init();
../Core/Src/tim.c: 3 warnings, 0 errors
compiling stm32f3xx_hal_adc.c...
compiling stm32f3xx_hal_msp.c...
../Core/Inc/main.h(56): warning:  #1295-D: Deprecated declaration Hardware_Init - give arg types
  void Hardware_Init();
../Core/Inc/main.h(57): warning:  #1295-D: Deprecated declaration Power_Control_Init - give arg types
  void Power_Control_Init();
../Core/Inc/main.h(58): warning:  #1295-D: Deprecated declaration BSP_Init - give arg types
  void BSP_Init();
../Core/Src/stm32f3xx_hal_msp.c: 3 warnings, 0 errors
compiling stm32f3xx_hal_spi_ex.c...
compiling hrtim.c...
../Core/Inc/main.h(56): warning:  #1295-D: Deprecated declaration Hardware_Init - give arg types
  void Hardware_Init();
../Core/Inc/main.h(57): warning:  #1295-D: Deprecated declaration Power_Control_Init - give arg types
  void Power_Control_Init();
../Core/Inc/main.h(58): warning:  #1295-D: Deprecated declaration BSP_Init - give arg types
  void BSP_Init();
../Core/Src/hrtim.c: 3 warnings, 0 errors
compiling main.c...
../Core/Inc/main.h(56): warning:  #1295-D: Deprecated declaration Hardware_Init - give arg types
  void Hardware_Init();
../Core/Inc/main.h(57): warning:  #1295-D: Deprecated declaration Power_Control_Init - give arg types
  void Power_Control_Init();
../Core/Inc/main.h(58): warning:  #1295-D: Deprecated declaration BSP_Init - give arg types
  void BSP_Init();
../Core/Src/main.c: 3 warnings, 0 errors
compiling stm32f3xx_hal.c...
compiling stm32f3xx_it.c...
../Core/Inc/main.h(56): warning:  #1295-D: Deprecated declaration Hardware_Init - give arg types
  void Hardware_Init();
../Core/Inc/main.h(57): warning:  #1295-D: Deprecated declaration Power_Control_Init - give arg types
  void Power_Control_Init();
../Core/Inc/main.h(58): warning:  #1295-D: Deprecated declaration BSP_Init - give arg types
  void BSP_Init();
../Core/Src/stm32f3xx_it.c: 3 warnings, 0 errors
compiling gpio.c...
../Core/Inc/main.h(56): warning:  #1295-D: Deprecated declaration Hardware_Init - give arg types
  void Hardware_Init();
../Core/Inc/main.h(57): warning:  #1295-D: Deprecated declaration Power_Control_Init - give arg types
  void Power_Control_Init();
../Core/Inc/main.h(58): warning:  #1295-D: Deprecated declaration BSP_Init - give arg types
  void BSP_Init();
../Core/Src/gpio.c: 3 warnings, 0 errors
compiling adc.c...
../Core/Inc/main.h(56): warning:  #1295-D: Deprecated declaration Hardware_Init - give arg types
  void Hardware_Init();
../Core/Inc/main.h(57): warning:  #1295-D: Deprecated declaration Power_Control_Init - give arg types
  void Power_Control_Init();
../Core/Inc/main.h(58): warning:  #1295-D: Deprecated declaration BSP_Init - give arg types
  void BSP_Init();
../Core/Src/adc.c: 3 warnings, 0 errors
compiling stm32f3xx_hal_rcc.c...
compiling stm32f3xx_hal_adc_ex.c...
compiling stm32f3xx_hal_gpio.c...
compiling stm32f3xx_hal_pwr_ex.c...
compiling stm32f3xx_hal_cortex.c...
compiling stm32f3xx_hal_i2c_ex.c...
compiling stm32f3xx_hal_dma.c...
compiling stm32f3xx_hal_pwr.c...
compiling system_stm32f3xx.c...
compiling stm32f3xx_hal_flash.c...
compiling stm32f3xx_hal_flash_ex.c...
compiling stm32f3xx_hal_exti.c...
compiling ui_display.c...
compiling param_store.c...
compiling state_machine.c...
compiling stm32f3xx_hal_tim_ex.c...
compiling protection.c...
compiling pid_voltage.c...
compiling 2p2z_current.c...
compiling filter.c...
compiling stm32f3xx_hal_i2c.c...
compiling W25Q256.c...
compiling temp_sensor.c...
..\Layer\Driver\temp_sensor.h(17): warning:  #1-D: last line of file ends without a newline
  #endif /* TEMP_SENSOR_H */
..\Layer\Driver\temp_sensor.c: 1 warning, 0 errors
compiling stm32f3xx_hal_tim.c...
compiling stm32f3xx_hal_hrtim.c...
compiling bsp_adc.c...
compiling bsp_spi.c...
compiling task_manager.c...
../Core/Inc/main.h(56): warning:  #1295-D: Deprecated declaration Hardware_Init - give arg types
  void Hardware_Init();
../Core/Inc/main.h(57): warning:  #1295-D: Deprecated declaration Power_Control_Init - give arg types
  void Power_Control_Init();
../Core/Inc/main.h(58): warning:  #1295-D: Deprecated declaration BSP_Init - give arg types
  void BSP_Init();
../Layer/Bsp/bsp_gpio.h(62): warning:  #1295-D: Deprecated declaration Drv_LED0_ON - give arg types
  void Drv_LED0_ON();
../Layer/Bsp/bsp_gpio.h(63): warning:  #1295-D: Deprecated declaration Drv_LED0_OFF - give arg types
  void Drv_LED0_OFF();  
../Layer/Bsp/bsp_gpio.h(64): warning:  #1295-D: Deprecated declaration Drv_LED1_ON - give arg types
  void Drv_LED1_ON();
../Layer/Bsp/bsp_gpio.h(65): warning:  #1295-D: Deprecated declaration Drv_LED1_OFF - give arg types
  void Drv_LED1_OFF();
../Layer/Bsp/bsp_gpio.h(66): warning:  #1295-D: Deprecated declaration Drv_LED2_ON - give arg types
  void Drv_LED2_ON();
../Layer/Bsp/bsp_gpio.h(67): warning:  #1295-D: Deprecated declaration Drv_LED2_OFF - give arg types
  void Drv_LED2_OFF();
../Layer/Bsp/bsp_gpio.h(68): warning:  #1295-D: Deprecated declaration Drv_LED3_ON - give arg types
  void Drv_LED3_ON();  
../Layer/Bsp/bsp_gpio.h(69): warning:  #1295-D: Deprecated declaration Drv_LED3_OFF - give arg types
  void Drv_LED3_OFF();
..\Layer\Scheduler\task_manager.c: 11 warnings, 0 errors
compiling key.c...
../Core/Inc/main.h(56): warning:  #1295-D: Deprecated declaration Hardware_Init - give arg types
  void Hardware_Init();
../Core/Inc/main.h(57): warning:  #1295-D: Deprecated declaration Power_Control_Init - give arg types
  void Power_Control_Init();
../Core/Inc/main.h(58): warning:  #1295-D: Deprecated declaration BSP_Init - give arg types
  void BSP_Init();
../Layer/Bsp/bsp_gpio.h(62): warning:  #1295-D: Deprecated declaration Drv_LED0_ON - give arg types
  void Drv_LED0_ON();
../Layer/Bsp/bsp_gpio.h(63): warning:  #1295-D: Deprecated declaration Drv_LED0_OFF - give arg types
  void Drv_LED0_OFF();  
../Layer/Bsp/bsp_gpio.h(64): warning:  #1295-D: Deprecated declaration Drv_LED1_ON - give arg types
  void Drv_LED1_ON();
../Layer/Bsp/bsp_gpio.h(65): warning:  #1295-D: Deprecated declaration Drv_LED1_OFF - give arg types
  void Drv_LED1_OFF();
../Layer/Bsp/bsp_gpio.h(66): warning:  #1295-D: Deprecated declaration Drv_LED2_ON - give arg types
  void Drv_LED2_ON();
../Layer/Bsp/bsp_gpio.h(67): warning:  #1295-D: Deprecated declaration Drv_LED2_OFF - give arg types
  void Drv_LED2_OFF();
../Layer/Bsp/bsp_gpio.h(68): warning:  #1295-D: Deprecated declaration Drv_LED3_ON - give arg types
  void Drv_LED3_ON();  
../Layer/Bsp/bsp_gpio.h(69): warning:  #1295-D: Deprecated declaration Drv_LED3_OFF - give arg types
  void Drv_LED3_OFF();
..\Layer\Product\key.c: 11 warnings, 0 errors
compiling tft_dashboard.c...
../Core/Inc/main.h(56): warning:  #1295-D: Deprecated declaration Hardware_Init - give arg types
  void Hardware_Init();
../Core/Inc/main.h(57): warning:  #1295-D: Deprecated declaration Power_Control_Init - give arg types
  void Power_Control_Init();
../Core/Inc/main.h(58): warning:  #1295-D: Deprecated declaration BSP_Init - give arg types
  void BSP_Init();
..\Layer\Driver\tft_dashboard.c: 3 warnings, 0 errors
compiling 1.54TFT.c...
../Core/Inc/main.h(56): warning:  #1295-D: Deprecated declaration Hardware_Init - give arg types
  void Hardware_Init();
../Core/Inc/main.h(57): warning:  #1295-D: Deprecated declaration Power_Control_Init - give arg types
  void Power_Control_Init();
../Core/Inc/main.h(58): warning:  #1295-D: Deprecated declaration BSP_Init - give arg types
  void BSP_Init();
..\Layer\Driver\1.54TFT.c: 3 warnings, 0 errors
compiling tft_selftest.c...
../Core/Inc/main.h(56): warning:  #1295-D: Deprecated declaration Hardware_Init - give arg types
  void Hardware_Init();
../Core/Inc/main.h(57): warning:  #1295-D: Deprecated declaration Power_Control_Init - give arg types
  void Power_Control_Init();
../Core/Inc/main.h(58): warning:  #1295-D: Deprecated declaration BSP_Init - give arg types
  void BSP_Init();
..\Layer\Driver\tft_selftest.c: 3 warnings, 0 errors
compiling tft_gfx.c...
../Core/Inc/main.h(56): warning:  #1295-D: Deprecated declaration Hardware_Init - give arg types
  void Hardware_Init();
../Core/Inc/main.h(57): warning:  #1295-D: Deprecated declaration Power_Control_Init - give arg types
  void Power_Control_Init();
../Core/Inc/main.h(58): warning:  #1295-D: Deprecated declaration BSP_Init - give arg types
  void BSP_Init();
..\Layer\Driver\tft_gfx.c: 3 warnings, 0 errors
compiling bsp_gpio.c...
../Core/Inc/main.h(56): warning:  #1295-D: Deprecated declaration Hardware_Init - give arg types
  void Hardware_Init();
../Core/Inc/main.h(57): warning:  #1295-D: Deprecated declaration Power_Control_Init - give arg types
  void Power_Control_Init();
../Core/Inc/main.h(58): warning:  #1295-D: Deprecated declaration BSP_Init - give arg types
  void BSP_Init();
..\Layer\Bsp\bsp_gpio.h(62): warning:  #1295-D: Deprecated declaration Drv_LED0_ON - give arg types
  void Drv_LED0_ON();
..\Layer\Bsp\bsp_gpio.h(63): warning:  #1295-D: Deprecated declaration Drv_LED0_OFF - give arg types
  void Drv_LED0_OFF();  
..\Layer\Bsp\bsp_gpio.h(64): warning:  #1295-D: Deprecated declaration Drv_LED1_ON - give arg types
  void Drv_LED1_ON();
..\Layer\Bsp\bsp_gpio.h(65): warning:  #1295-D: Deprecated declaration Drv_LED1_OFF - give arg types
  void Drv_LED1_OFF();
..\Layer\Bsp\bsp_gpio.h(66): warning:  #1295-D: Deprecated declaration Drv_LED2_ON - give arg types
  void Drv_LED2_ON();
..\Layer\Bsp\bsp_gpio.h(67): warning:  #1295-D: Deprecated declaration Drv_LED2_OFF - give arg types
  void Drv_LED2_OFF();
..\Layer\Bsp\bsp_gpio.h(68): warning:  #1295-D: Deprecated declaration Drv_LED3_ON - give arg types
  void Drv_LED3_ON();  
..\Layer\Bsp\bsp_gpio.h(69): warning:  #1295-D: Deprecated declaration Drv_LED3_OFF - give arg types
  void Drv_LED3_OFF();
..\Layer\Bsp\bsp_gpio.c: 11 warnings, 0 errors
compiling bsp_hrtim.c...
../Core/Inc/main.h(56): warning:  #1295-D: Deprecated declaration Hardware_Init - give arg types
  void Hardware_Init();
../Core/Inc/main.h(57): warning:  #1295-D: Deprecated declaration Power_Control_Init - give arg types
  void Power_Control_Init();
../Core/Inc/main.h(58): warning:  #1295-D: Deprecated declaration BSP_Init - give arg types
  void BSP_Init();
..\Layer\Bsp\bsp_hrtim.c: 3 warnings, 0 errors
linking...
Program Size: Code=12248 RO-data=584 RW-data=160 ZI-data=2280  
FromELF: creating hex file...
"LC_Power\LC_Power.axf" - 0 Error(s), 70 Warning(s).

<h2>Software Packages used:</h2>

Package Vendor: ARM
                http://www.keil.com/pack/ARM.CMSIS.5.7.0.pack
                ARM.CMSIS.5.7.0
                CMSIS (Cortex Microcontroller Software Interface Standard)
   * Component: CORE Version: 5.4.0

Package Vendor: Keil
                http://www.keil.com/pack/Keil.STM32F3xx_DFP.2.2.2.pack
                Keil.STM32F3xx_DFP.2.2.2
                STMicroelectronics STM32F3 Series Device Support and Examples

<h2>Collection of Component include folders:</h2>
  ./RTE/_LC_Power
  D:/ProgramFile/MDK/Packs/ARM/CMSIS/5.7.0/CMSIS/Core/Include
  D:/ProgramFile/MDK/Packs/Keil/STM32F3xx_DFP/2.2.2/Drivers/CMSIS/Device/ST/STM32F3xx/Include

<h2>Collection of Component Files used:</h2>

   * Component: ARM::CMSIS:CORE:5.4.0
      Include file:  CMSIS/Core/Include/tz_context.h
Build Time Elapsed:  00:00:14
</pre>
</body>
</html>
